Component: ARM Compiler 5.06 update 5 (build 528) Tool: armlink [4d35e2]

==============================================================================

Section Cross References

    startup_stm32f411xe.o(RESET) refers to startup_stm32f411xe.o(STACK) for __initial_sp
    startup_stm32f411xe.o(RESET) refers to startup_stm32f411xe.o(.text) for Reset_Handler
    startup_stm32f411xe.o(RESET) refers to stm32f4xx_it.o(i.NMI_Handler) for NMI_Handler
    startup_stm32f411xe.o(RESET) refers to stm32f4xx_it.o(i.HardFault_Handler) for HardFault_Handler
    startup_stm32f411xe.o(RESET) refers to stm32f4xx_it.o(i.MemManage_Handler) for MemManage_Handler
    startup_stm32f411xe.o(RESET) refers to stm32f4xx_it.o(i.BusFault_Handler) for BusFault_Handler
    startup_stm32f411xe.o(RESET) refers to stm32f4xx_it.o(i.UsageFault_Handler) for UsageFault_Handler
    startup_stm32f411xe.o(RESET) refers to port.o(.emb_text) for SVC_Handler
    startup_stm32f411xe.o(RESET) refers to stm32f4xx_it.o(i.DebugMon_Handler) for DebugMon_Handler
    startup_stm32f411xe.o(RESET) refers to stm32f4xx_it.o(i.SysTick_Handler) for SysTick_Handler
    startup_stm32f411xe.o(RESET) refers to stm32f4xx_it.o(i.DMA1_Stream5_IRQHandler) for DMA1_Stream5_IRQHandler
    startup_stm32f411xe.o(RESET) refers to stm32f4xx_it.o(i.TIM1_UP_TIM10_IRQHandler) for TIM1_UP_TIM10_IRQHandler
    startup_stm32f411xe.o(RESET) refers to stm32f4xx_it.o(i.USART2_IRQHandler) for USART2_IRQHandler
    startup_stm32f411xe.o(.text) refers to system_stm32f4xx.o(i.SystemInit) for SystemInit
    startup_stm32f411xe.o(.text) refers to entry.o(.ARM.Collect$$$$00000000) for __main
    stm32f4xx_hal_tim_ex.o(i.HAL_TIMEx_ConfigCommutationEvent_DMA) refers to stm32f4xx_hal_tim_ex.o(i.TIMEx_DMACommutationCplt) for TIMEx_DMACommutationCplt
    stm32f4xx_hal_tim_ex.o(i.HAL_TIMEx_ConfigCommutationEvent_DMA) refers to stm32f4xx_hal_tim.o(i.TIM_DMAError) for TIM_DMAError
    stm32f4xx_hal_tim_ex.o(i.HAL_TIMEx_HallSensor_DeInit) refers to stm32f4xx_hal_tim_ex.o(i.HAL_TIMEx_HallSensor_MspDeInit) for HAL_TIMEx_HallSensor_MspDeInit
    stm32f4xx_hal_tim_ex.o(i.HAL_TIMEx_HallSensor_Init) refers to stm32f4xx_hal_tim_ex.o(i.HAL_TIMEx_HallSensor_MspInit) for HAL_TIMEx_HallSensor_MspInit
    stm32f4xx_hal_tim_ex.o(i.HAL_TIMEx_HallSensor_Init) refers to stm32f4xx_hal_tim.o(i.TIM_Base_SetConfig) for TIM_Base_SetConfig
    stm32f4xx_hal_tim_ex.o(i.HAL_TIMEx_HallSensor_Init) refers to stm32f4xx_hal_tim.o(i.TIM_TI1_SetConfig) for TIM_TI1_SetConfig
    stm32f4xx_hal_tim_ex.o(i.HAL_TIMEx_HallSensor_Init) refers to stm32f4xx_hal_tim.o(i.TIM_OC2_SetConfig) for TIM_OC2_SetConfig
    stm32f4xx_hal_tim_ex.o(i.HAL_TIMEx_HallSensor_Start) refers to stm32f4xx_hal_tim.o(i.TIM_CCxChannelCmd) for TIM_CCxChannelCmd
    stm32f4xx_hal_tim_ex.o(i.HAL_TIMEx_HallSensor_Start_DMA) refers to stm32f4xx_hal_tim.o(i.TIM_CCxChannelCmd) for TIM_CCxChannelCmd
    stm32f4xx_hal_tim_ex.o(i.HAL_TIMEx_HallSensor_Start_DMA) refers to stm32f4xx_hal_dma.o(i.HAL_DMA_Start_IT) for HAL_DMA_Start_IT
    stm32f4xx_hal_tim_ex.o(i.HAL_TIMEx_HallSensor_Start_DMA) refers to stm32f4xx_hal_tim.o(i.TIM_DMACaptureCplt) for TIM_DMACaptureCplt
    stm32f4xx_hal_tim_ex.o(i.HAL_TIMEx_HallSensor_Start_DMA) refers to stm32f4xx_hal_tim.o(i.TIM_DMAError) for TIM_DMAError
    stm32f4xx_hal_tim_ex.o(i.HAL_TIMEx_HallSensor_Start_IT) refers to stm32f4xx_hal_tim.o(i.TIM_CCxChannelCmd) for TIM_CCxChannelCmd
    stm32f4xx_hal_tim_ex.o(i.HAL_TIMEx_HallSensor_Stop) refers to stm32f4xx_hal_tim.o(i.TIM_CCxChannelCmd) for TIM_CCxChannelCmd
    stm32f4xx_hal_tim_ex.o(i.HAL_TIMEx_HallSensor_Stop_DMA) refers to stm32f4xx_hal_tim.o(i.TIM_CCxChannelCmd) for TIM_CCxChannelCmd
    stm32f4xx_hal_tim_ex.o(i.HAL_TIMEx_HallSensor_Stop_IT) refers to stm32f4xx_hal_tim.o(i.TIM_CCxChannelCmd) for TIM_CCxChannelCmd
    stm32f4xx_hal_tim_ex.o(i.HAL_TIMEx_OCN_Start) refers to stm32f4xx_hal_tim_ex.o(i.TIM_CCxNChannelCmd) for TIM_CCxNChannelCmd
    stm32f4xx_hal_tim_ex.o(i.HAL_TIMEx_OCN_Start_DMA) refers to stm32f4xx_hal_dma.o(i.HAL_DMA_Start_IT) for HAL_DMA_Start_IT
    stm32f4xx_hal_tim_ex.o(i.HAL_TIMEx_OCN_Start_DMA) refers to stm32f4xx_hal_tim_ex.o(i.TIM_CCxNChannelCmd) for TIM_CCxNChannelCmd
    stm32f4xx_hal_tim_ex.o(i.HAL_TIMEx_OCN_Start_DMA) refers to stm32f4xx_hal_tim.o(i.TIM_DMADelayPulseCplt) for TIM_DMADelayPulseCplt
    stm32f4xx_hal_tim_ex.o(i.HAL_TIMEx_OCN_Start_DMA) refers to stm32f4xx_hal_tim.o(i.TIM_DMAError) for TIM_DMAError
    stm32f4xx_hal_tim_ex.o(i.HAL_TIMEx_OCN_Start_IT) refers to stm32f4xx_hal_tim_ex.o(i.TIM_CCxNChannelCmd) for TIM_CCxNChannelCmd
    stm32f4xx_hal_tim_ex.o(i.HAL_TIMEx_OCN_Stop) refers to stm32f4xx_hal_tim_ex.o(i.TIM_CCxNChannelCmd) for TIM_CCxNChannelCmd
    stm32f4xx_hal_tim_ex.o(i.HAL_TIMEx_OCN_Stop_DMA) refers to stm32f4xx_hal_tim_ex.o(i.TIM_CCxNChannelCmd) for TIM_CCxNChannelCmd
    stm32f4xx_hal_tim_ex.o(i.HAL_TIMEx_OCN_Stop_IT) refers to stm32f4xx_hal_tim_ex.o(i.TIM_CCxNChannelCmd) for TIM_CCxNChannelCmd
[...]
    ..\Drivers\STM32F4xx_HAL_Driver\Src\stm32f4xx_hal.c 0x00000000   Number         0  stm32f4xx_hal.o ABSOLUTE
    ..\Drivers\STM32F4xx_HAL_Driver\Src\stm32f4xx_hal_cortex.c 0x00000000   Number         0  stm32f4xx_hal_cortex.o ABSOLUTE
    ..\Drivers\STM32F4xx_HAL_Driver\Src\stm32f4xx_hal_dma.c 0x00000000   Number         0  stm32f4xx_hal_dma.o ABSOLUTE
    ..\Drivers\STM32F4xx_HAL_Driver\Src\stm32f4xx_hal_dma_ex.c 0x00000000   Number         0  stm32f4xx_hal_dma_ex.o ABSOLUTE
    ..\Drivers\STM32F4xx_HAL_Driver\Src\stm32f4xx_hal_flash.c 0x00000000   Number         0  stm32f4xx_hal_flash.o ABSOLUTE
    ..\Drivers\STM32F4xx_HAL_Driver\Src\stm32f4xx_hal_flash_ex.c 0x00000000   Number         0  stm32f4xx_hal_flash_ex.o ABSOLUTE
    ..\Drivers\STM32F4xx_HAL_Driver\Src\stm32f4xx_hal_flash_ramfunc.c 0x00000000   Number         0  stm32f4xx_hal_flash_ramfunc.o ABSOLUTE
    ..\Drivers\STM32F4xx_HAL_Driver\Src\stm32f4xx_hal_gpio.c 0x00000000   Number         0  stm32f4xx_hal_gpio.o ABSOLUTE
    ..\Drivers\STM32F4xx_HAL_Driver\Src\stm32f4xx_hal_pwr.c 0x00000000   Number         0  stm32f4xx_hal_pwr.o ABSOLUTE
    ..\Drivers\STM32F4xx_HAL_Driver\Src\stm32f4xx_hal_pwr_ex.c 0x00000000   Number         0  stm32f4xx_hal_pwr_ex.o ABSOLUTE
    ..\Drivers\STM32F4xx_HAL_Driver\Src\stm32f4xx_hal_rcc.c 0x00000000   Number         0  stm32f4xx_hal_rcc.o ABSOLUTE
    ..\Drivers\STM32F4xx_HAL_Driver\Src\stm32f4xx_hal_rcc_ex.c 0x00000000   Number         0  stm32f4xx_hal_rcc_ex.o ABSOLUTE
    ..\Drivers\STM32F4xx_HAL_Driver\Src\stm32f4xx_hal_tim.c 0x00000000   Number         0  stm32f4xx_hal_tim.o ABSOLUTE
    ..\Drivers\STM32F4xx_HAL_Driver\Src\stm32f4xx_hal_tim_ex.c 0x00000000   Number         0  stm32f4xx_hal_tim_ex.o ABSOLUTE
    ..\Drivers\STM32F4xx_HAL_Driver\Src\stm32f4xx_hal_uart.c 0x00000000   Number         0  stm32f4xx_hal_uart.o ABSOLUTE
    ..\Middlewares\Third_Party\FreeRTOS\Source\CMSIS_RTOS\cmsis_os.c 0x00000000   Number         0  cmsis_os.o ABSOLUTE
    ..\Middlewares\Third_Party\FreeRTOS\Source\portable\RVDS\ARM_CM4F\port.c 0x00000000   Number         0  port.o ABSOLUTE
    ..\Src\bpsFunctions.c                    0x00000000   Number         0  bpsfunctions.o ABSOLUTE
    ..\Src\bpsTasks.c                        0x00000000   Number         0  bpstasks.o ABSOLUTE
    ..\Src\main.c                            0x00000000   Number         0  main.o ABSOLUTE
    ..\Src\stm32f4xx_hal_msp.c               0x00000000   Number         0  stm32f4xx_hal_msp.o ABSOLUTE
    ..\Src\stm32f4xx_hal_timebase_TIM.c      0x00000000   Number         0  stm32f4xx_hal_timebase_tim.o ABSOLUTE
    ..\Src\stm32f4xx_it.c                    0x00000000   Number         0  stm32f4xx_it.o ABSOLUTE
    ..\Src\system_stm32f4xx.c                0x00000000   Number         0  system_stm32f4xx.o ABSOLUTE
    ..\\Src\\bpsFunctions.c                  0x00000000   Number         0  bpsfunctions.o ABSOLUTE
    ..\\Src\\bpsTasks.c                      0x00000000   Number         0  bpstasks.o ABSOLUTE
    dc.s                                     0x00000000   Number         0  dc.o ABSOLUTE
    handlers.s                               0x00000000   Number         0  handlers.o ABSOLUTE
    init.s                                   0x00000000   Number         0  init.o ABSOLUTE
    startup_stm32f411xe.s                    0x00000000   Number         0  startup_stm32f411xe.o ABSOLUTE
    RESET                                    0x08000000   Section      408  startup_stm32f411xe.o(RESET)
    .ARM.Collect$$$$00000000                 0x08000198   Section        0  entry.o(.ARM.Collect$$$$00000000)
    .ARM.Collect$$$$00000001                 0x08000198   Section        4  entry2.o(.ARM.Collect$$$$00000001)
    .ARM.Collect$$$$00000004                 0x0800019c   Section        4  entry5.o(.ARM.Collect$$$$00000004)
    .ARM.Collect$$$$00000008                 0x080001a0   Section        0  entry7b.o(.ARM.Collect$$$$00000008)
    .ARM.Collect$$$$0000000A                 0x080001a0   Section        0  entry8b.o(.ARM.Collect$$$$0000000A)
    .ARM.Collect$$$$0000000B                 0x080001a0   Section        8  entry9a.o(.ARM.Collect$$$$0000000B)
    .ARM.Collect$$$$0000000D                 0x080001a8   Section        0  entry10a.o(.ARM.Collect$$$$0000000D)
    .ARM.Collect$$$$0000000F                 0x080001a8   Section        0  entry11a.o(.ARM.Collect$$$$0000000F)
    .ARM.Collect$$$$00002712                 0x080001a8   Section        4  entry2.o(.ARM.Collect$$$$00002712)
    __lit__00000000                          0x080001a8   Data           4  entry2.o(.ARM.Collect$$$$00002712)
    .emb_text                                0x080001ac   Section      186  port.o(.emb_text)
    $v0                                      0x080001ac   Number         0  port.o(.emb_text)
    .text                                    0x08000268   Section       36  startup_stm32f411xe.o(.text)
    $v0                                      0x08000268   Number         0  startup_stm32f411xe.o(.text)
    .text                                    0x0800028c   Section        0  uldiv.o(.text)
    .text                                    0x080002ee   Section        0  memcpya.o(.text)
    .text                                    0x08000312   Section        0  memseta.o(.text)
    .text                                    0x08000336   Section        0  dadd.o(.text)
    .text                                    0x08000484   Section        0  dmul.o(.text)
    .text                                    0x08000568   Section        0  dflti.o(.text)
    .text                                    0x0800058a   Section        0  dfltui.o(.text)
    .text                                    0x080005a4   Section        0  dfixi.o(.text)
    .text                                    0x080005e2   Section        0  llshl.o(.text)
    .text                                    0x08000600   Section        0  llushr.o(.text)
    .text                                    0x08000620   Section        0  llsshr.o(.text)
    .text                                    0x08000644   Section        0  depilogue.o(.text)
    .text                                    0x08000644   Section        0  iusefp.o(.text)
    .text                                    0x08000700   Section       36  init.o(.text)
    .text                                    0x08000724   Section        0  ddiv.o(.text)
    i.BusFault_Handler                       0x08000802   Section        0  stm32f4xx_it.o(i.BusFault_Handler)
    i.DMA1_Stream5_IRQHandler                0x08000804   Section        0  stm32f4xx_it.o(i.DMA1_Stream5_IRQHandler)
    i.DMA_CalcBaseAndBitshift                0x08000810   Section        0  stm32f4xx_hal_dma.o(i.DMA_CalcBaseAndBitshift)
    DMA_CalcBaseAndBitshift                  0x08000811   Thumb Code    34  stm32f4xx_hal_dma.o(i.DMA_CalcBaseAndBitshift)
    i.DMA_CheckFifoParam                     0x08000838   Section        0  stm32f4xx_hal_dma.o(i.DMA_CheckFifoParam)
    DMA_CheckFifoParam                       0x08000839   Thumb Code    84  stm32f4xx_hal_dma.o(i.DMA_CheckFifoParam)
    i.DMA_SetConfig                          0x0800088c   Section        0  stm32f4xx_hal_dma.o(i.DMA_SetConfig)
    DMA_SetConfig                            0x0800088d   Thumb Code    40  stm32f4xx_hal_dma.o(i.DMA_SetConfig)
    i.DebugMon_Handler                       0x080008b4   Section        0  stm32f4xx_it.o(i.DebugMon_Handler)
    i.HAL_DMA_Abort_IT                       0x080008b6   Section        0  stm32f4xx_hal_dma.o(i.HAL_DMA_Abort_IT)
    i.HAL_DMA_IRQHandler                     0x080008dc   Section        0  stm32f4xx_hal_dma.o(i.HAL_DMA_IRQHandler)
    i.HAL_DMA_Init                           0x08000a7c   Section        0  stm32f4xx_hal_dma.o(i.HAL_DMA_Init)
    i.HAL_DMA_Start_IT                       0x08000b50   Section        0  stm32f4xx_hal_dma.o(i.HAL_DMA_Start_IT)
    i.HAL_GPIO_Init                          0x08000bc8   Section        0  stm32f4xx_hal_gpio.o(i.HAL_GPIO_Init)
    i.HAL_GPIO_TogglePin                     0x08000d50   Section        0  stm32f4xx_hal_gpio.o(i.HAL_GPIO_TogglePin)
    i.HAL_GPIO_WritePin                      0x08000d58   Section        0  stm32f4xx_hal_gpio.o(i.HAL_GPIO_WritePin)
    i.HAL_GetTick                            0x08000d64   Section        0  stm32f4xx_hal.o(i.HAL_GetTick)
    i.HAL_IncTick                            0x08000d70   Section        0  stm32f4xx_hal.o(i.HAL_IncTick)
    i.HAL_Init                               0x08000d80   Section        0  stm32f4xx_hal.o(i.HAL_Init)
    i.HAL_InitTick                           0x08000db4   Section        0  stm32f4xx_hal_timebase_tim.o(i.HAL_InitTick)
    i.HAL_MspInit                            0x08000e28   Section        0  stm32f4xx_hal_msp.o(i.HAL_MspInit)
    i.HAL_NVIC_EnableIRQ                     0x08000e80   Section        0  stm32f4xx_hal_cortex.o(i.HAL_NVIC_EnableIRQ)
    i.HAL_NVIC_SetPriority                   0x08000e98   Section        0  stm32f4xx_hal_cortex.o(i.HAL_NVIC_SetPriority)
    i.HAL_NVIC_SetPriorityGrouping           0x08000ed8   Section        0  stm32f4xx_hal_cortex.o(i.HAL_NVIC_SetPriorityGrouping)
    i.HAL_RCC_ClockConfig                    0x08000efc   Section        0  stm32f4xx_hal_rcc.o(i.HAL_RCC_ClockConfig)
    i.HAL_RCC_GetClockConfig                 0x0800102c   Section        0  stm32f4xx_hal_rcc.o(i.HAL_RCC_GetClockConfig)
    i.HAL_RCC_GetHCLKFreq                    0x0800106c   Section        0  stm32f4xx_hal_rcc.o(i.HAL_RCC_GetHCLKFreq)
    i.HAL_RCC_GetPCLK1Freq                   0x08001078   Section        0  stm32f4xx_hal_rcc.o(i.HAL_RCC_GetPCLK1Freq)
    i.HAL_RCC_GetPCLK2Freq                   0x08001098   Section        0  stm32f4xx_hal_rcc.o(i.HAL_RCC_GetPCLK2Freq)
    i.HAL_RCC_GetSysClockFreq                0x080010b8   Section        0  stm32f4xx_hal_rcc.o(i.HAL_RCC_GetSysClockFreq)
    i.HAL_RCC_OscConfig                      0x08001118   Section        0  stm32f4xx_hal_rcc.o(i.HAL_RCC_OscConfig)
    i.HAL_SYSTICK_CLKSourceConfig            0x08001434   Section        0  stm32f4xx_hal_cortex.o(i.HAL_SYSTICK_CLKSourceConfig)
    i.HAL_SYSTICK_Config                     0x0800144c   Section        0  stm32f4xx_hal_cortex.o(i.HAL_SYSTICK_Config)
    i.HAL_TIMEx_BreakCallback                0x08001474   Section        0  stm32f4xx_hal_tim_ex.o(i.HAL_TIMEx_BreakCallback)
    i.HAL_TIMEx_CommutationCallback          0x08001476   Section        0  stm32f4xx_hal_tim_ex.o(i.HAL_TIMEx_CommutationCallback)
    i.HAL_TIMEx_MasterConfigSynchronization  0x08001478   Section        0  stm32f4xx_hal_tim_ex.o(i.HAL_TIMEx_MasterConfigSynchronization)
    i.HAL_TIM_Base_Init                      0x080014c8   Section        0  stm32f4xx_hal_tim.o(i.HAL_TIM_Base_Init)
    i.HAL_TIM_Base_MspInit                   0x08001500   Section        0  stm32f4xx_hal_msp.o(i.HAL_TIM_Base_MspInit)
    i.HAL_TIM_Base_Start                     0x08001524   Section        0  stm32f4xx_hal_tim.o(i.HAL_TIM_Base_Start)
    i.HAL_TIM_Base_Start_IT                  0x0800153e   Section        0  stm32f4xx_hal_tim.o(i.HAL_TIM_Base_Start_IT)
    i.HAL_TIM_ConfigClockSource              0x08001556   Section        0  stm32f4xx_hal_tim.o(i.HAL_TIM_ConfigClockSource)
    i.HAL_TIM_Encoder_Init                   0x08001648   Section        0  stm32f4xx_hal_tim.o(i.HAL_TIM_Encoder_Init)
    i.HAL_TIM_Encoder_MspInit                0x080016e0   Section        0  stm32f4xx_hal_msp.o(i.HAL_TIM_Encoder_MspInit)
    i.HAL_TIM_Encoder_Start                  0x08001758   Section        0  stm32f4xx_hal_tim.o(i.HAL_TIM_Encoder_Start)
    i.HAL_TIM_IC_CaptureCallback             0x0800178c   Section        0  stm32f4xx_hal_tim.o(i.HAL_TIM_IC_CaptureCallback)
    i.HAL_TIM_IRQHandler                     0x0800178e   Section        0  stm32f4xx_hal_tim.o(i.HAL_TIM_IRQHandler)
    i.HAL_TIM_MspPostInit                    0x080018f4   Section        0  stm32f4xx_hal_msp.o(i.HAL_TIM_MspPostInit)
    i.HAL_TIM_OC_DelayElapsedCallback        0x0800193c   Section        0  stm32f4xx_hal_tim.o(i.HAL_TIM_OC_DelayElapsedCallback)
    i.HAL_TIM_PWM_ConfigChannel              0x0800193e   Section        0  stm32f4xx_hal_tim.o(i.HAL_TIM_PWM_ConfigChannel)
    i.HAL_TIM_PWM_Init                       0x08001a0e   Section        0  stm32f4xx_hal_tim.o(i.HAL_TIM_PWM_Init)
    i.HAL_TIM_PWM_MspInit                    0x08001a44   Section        0  stm32f4xx_hal_tim.o(i.HAL_TIM_PWM_MspInit)
    i.HAL_TIM_PWM_PulseFinishedCallback      0x08001a46   Section        0  stm32f4xx_hal_tim.o(i.HAL_TIM_PWM_PulseFinishedCallback)
    i.HAL_TIM_PWM_Start                      0x08001a48   Section        0  stm32f4xx_hal_tim.o(i.HAL_TIM_PWM_Start)
    i.HAL_TIM_PeriodElapsedCallback          0x08001a78   Section        0  main.o(i.HAL_TIM_PeriodElapsedCallback)
    i.HAL_TIM_TriggerCallback                0x08001a8c   Section        0  stm32f4xx_hal_tim.o(i.HAL_TIM_TriggerCallback)
    i.HAL_UART_ErrorCallback                 0x08001a8e   Section        0  stm32f4xx_hal_uart.o(i.HAL_UART_ErrorCallback)
    i.HAL_UART_IRQHandler                    0x08001a90   Section        0  stm32f4xx_hal_uart.o(i.HAL_UART_IRQHandler)
    i.HAL_UART_Init                          0x08001ba0   Section        0  stm32f4xx_hal_uart.o(i.HAL_UART_Init)
    i.HAL_UART_MspInit                       0x08001c04   Section        0  stm32f4xx_hal_msp.o(i.HAL_UART_MspInit)
    i.HAL_UART_Receive_DMA                   0x08001cd8   Section        0  stm32f4xx_hal_uart.o(i.HAL_UART_Receive_DMA)
    i.HAL_UART_RxCpltCallback                0x08001d70   Section        0  bpstasks.o(i.HAL_UART_RxCpltCallback)
    i.HAL_UART_RxHalfCpltCallback            0x08001db0   Section        0  stm32f4xx_hal_uart.o(i.HAL_UART_RxHalfCpltCallback)
    i.HAL_UART_Transmit_IT                   0x08001db2   Section        0  stm32f4xx_hal_uart.o(i.HAL_UART_Transmit_IT)
    i.HAL_UART_TxCpltCallback                0x08001df0   Section        0  stm32f4xx_hal_uart.o(i.HAL_UART_TxCpltCallback)
    i.HardFault_Handler                      0x08001df2   Section        0  stm32f4xx_it.o(i.HardFault_Handler)
    i.MX_GPIO_Init                           0x08001df4   Section        0  main.o(i.MX_GPIO_Init)
    MX_GPIO_Init                             0x08001df5   Thumb Code   168  main.o(i.MX_GPIO_Init)
    i.MX_TIM2_Init                           0x08001ea8   Section        0  main.o(i.MX_TIM2_Init)
    MX_TIM2_Init                             0x08001ea9   Thumb Code   154  main.o(i.MX_TIM2_Init)
    i.MX_TIM3_Init                           0x08001f48   Section        0  main.o(i.MX_TIM3_Init)
    MX_TIM3_Init                             0x08001f49   Thumb Code    80  main.o(i.MX_TIM3_Init)
    i.MX_TIM4_Init                           0x08001fa0   Section        0  main.o(i.MX_TIM4_Init)
    MX_TIM4_Init                             0x08001fa1   Thumb Code    80  main.o(i.MX_TIM4_Init)
    i.MemManage_Handler                      0x08001ff8   Section        0  stm32f4xx_it.o(i.MemManage_Handler)
    i.NMI_Handler                            0x08001ffa   Section        0  stm32f4xx_it.o(i.NMI_Handler)
    i.NVIC_SetPriority                       0x08001ffc   Section        0  stm32f4xx_hal_cortex.o(i.NVIC_SetPriority)
    NVIC_SetPriority                         0x08001ffd   Thumb Code    32  stm32f4xx_hal_cortex.o(i.NVIC_SetPriority)
    i.StartDefaultTask                       0x0800201c   Section        0  main.o(i.StartDefaultTask)
    i.SysTick_Handler                        0x08002024   Section        0  stm32f4xx_it.o(i.SysTick_Handler)
    i.SystemClock_Config                     0x08002028   Section        0  main.o(i.SystemClock_Config)
    i.SystemInit                             0x080020c4   Section        0  system_stm32f4xx.o(i.SystemInit)
    i.TIM1_UP_TIM10_IRQHandler               0x08002118   Section        0  stm32f4xx_it.o(i.TIM1_UP_TIM10_IRQHandler)
    i.TIM_Base_SetConfig                     0x08002124   Section        0  stm32f4xx_hal_tim.o(i.TIM_Base_SetConfig)
    i.TIM_CCxChannelCmd                      0x080021b4   Section        0  stm32f4xx_hal_tim.o(i.TIM_CCxChannelCmd)
    i.TIM_ETR_SetConfig                      0x080021ca   Section        0  stm32f4xx_hal_tim.o(i.TIM_ETR_SetConfig)
    TIM_ETR_SetConfig                        0x080021cb   Thumb Code    20  stm32f4xx_hal_tim.o(i.TIM_ETR_SetConfig)
    i.TIM_ITRx_SetConfig                     0x080021de   Section        0  stm32f4xx_hal_tim.o(i.TIM_ITRx_SetConfig)
    TIM_ITRx_SetConfig                       0x080021df   Thumb Code    16  stm32f4xx_hal_tim.o(i.TIM_ITRx_SetConfig)
    i.TIM_OC1_SetConfig                      0x080021f0   Section        0  stm32f4xx_hal_tim.o(i.TIM_OC1_SetConfig)
    TIM_OC1_SetConfig                        0x080021f1   Thumb Code    74  stm32f4xx_hal_tim.o(i.TIM_OC1_SetConfig)
    i.TIM_OC2_SetConfig                      0x08002240   Section        0  stm32f4xx_hal_tim.o(i.TIM_OC2_SetConfig)
    i.TIM_OC3_SetConfig                      0x08002298   Section        0  stm32f4xx_hal_tim.o(i.TIM_OC3_SetConfig)
    TIM_OC3_SetConfig                        0x08002299   Thumb Code    82  stm32f4xx_hal_tim.o(i.TIM_OC3_SetConfig)
    i.TIM_OC4_SetConfig                      0x080022f0   Section        0  stm32f4xx_hal_tim.o(i.TIM_OC4_SetConfig)
    TIM_OC4_SetConfig                        0x080022f1   Thumb Code    64  stm32f4xx_hal_tim.o(i.TIM_OC4_SetConfig)
    i.TIM_TI1_ConfigInputStage               0x08002334   Section        0  stm32f4xx_hal_tim.o(i.TIM_TI1_ConfigInputStage)
    TIM_TI1_ConfigInputStage                 0x08002335   Thumb Code    34  stm32f4xx_hal_tim.o(i.TIM_TI1_ConfigInputStage)
    i.TIM_TI2_ConfigInputStage               0x08002356   Section        0  stm32f4xx_hal_tim.o(i.TIM_TI2_ConfigInputStage)
    TIM_TI2_ConfigInputStage                 0x08002357   Thumb Code    36  stm32f4xx_hal_tim.o(i.TIM_TI2_ConfigInputStage)
    i.UART_DMAAbortOnError                   0x0800237a   Section        0  stm32f4xx_hal_uart.o(i.UART_DMAAbortOnError)
    UART_DMAAbortOnError                     0x0800237b   Thumb Code    16  stm32f4xx_hal_uart.o(i.UART_DMAAbortOnError)
    i.UART_DMAError                          0x0800238a   Section        0  stm32f4xx_hal_uart.o(i.UART_DMAError)
    UART_DMAError                            0x0800238b   Thumb Code    74  stm32f4xx_hal_uart.o(i.UART_DMAError)
    i.UART_DMAReceiveCplt                    0x080023d4   Section        0  stm32f4xx_hal_uart.o(i.UART_DMAReceiveCplt)
    UART_DMAReceiveCplt                      0x080023d5   Thumb Code    60  stm32f4xx_hal_uart.o(i.UART_DMAReceiveCplt)
    i.UART_DMARxHalfCplt                     0x08002410   Section        0  stm32f4xx_hal_uart.o(i.UART_DMARxHalfCplt)
    UART_DMARxHalfCplt                       0x08002411   Thumb Code    10  stm32f4xx_hal_uart.o(i.UART_DMARxHalfCplt)
    i.UART_EndRxTransfer                     0x0800241a   Section        0  stm32f4xx_hal_uart.o(i.UART_EndRxTransfer)
    UART_EndRxTransfer                       0x0800241b   Thumb Code    28  stm32f4xx_hal_uart.o(i.UART_EndRxTransfer)
    i.UART_EndTxTransfer                     0x08002436   Section        0  stm32f4xx_hal_uart.o(i.UART_EndTxTransfer)
    UART_EndTxTransfer                       0x08002437   Thumb Code    18  stm32f4xx_hal_uart.o(i.UART_EndTxTransfer)
    i.UART_Receive_IT                        0x08002448   Section        0  stm32f4xx_hal_uart.o(i.UART_Receive_IT)
    UART_Receive_IT                          0x08002449   Thumb Code   140  stm32f4xx_hal_uart.o(i.UART_Receive_IT)
    i.UART_SetConfig                         0x080024d4   Section        0  stm32f4xx_hal_uart.o(i.UART_SetConfig)
    UART_SetConfig                           0x080024d5   Thumb Code   676  stm32f4xx_hal_uart.o(i.UART_SetConfig)
    i.UART_Transmit_IT                       0x08002780   Section        0  stm32f4xx_hal_uart.o(i.UART_Transmit_IT)
    UART_Transmit_IT                         0x08002781   Thumb Code    98  stm32f4xx_hal_uart.o(i.UART_Transmit_IT)
    i.USART2_IRQHandler                      0x080027e4   Section        0  stm32f4xx_it.o(i.USART2_IRQHandler)
    i.UsageFault_Handler                     0x080027f0   Section        0  stm32f4xx_it.o(i.UsageFault_Handler)
    i._Error_Handler                         0x080027f2   Section        0  main.o(i._Error_Handler)
    i.__ARM_fpclassify                       0x080027f4   Section        0  fpclassify.o(i.__ARM_fpclassify)
    i.__hardfp_cos                           0x08002828   Section        0  cos.o(i.__hardfp_cos)
    i.__ieee754_rem_pio2                     0x080028f0   Section        0  rred.o(i.__ieee754_rem_pio2)
    i.__kernel_cos                           0x08002d28   Section        0  cos_i.o(i.__kernel_cos)
    i.__kernel_poly                          0x08002e98   Section        0  poly.o(i.__kernel_poly)
    i.__kernel_sin                           0x08002f90   Section        0  sin_i.o(i.__kernel_sin)
    i.__mathlib_dbl_infnan                   0x080030c0   Section        0  dunder.o(i.__mathlib_dbl_infnan)
    i.__mathlib_dbl_invalid                  0x080030d8   Section        0  dunder.o(i.__mathlib_dbl_invalid)
    i.__mathlib_dbl_underflow                0x080030f8   Section        0  dunder.o(i.__mathlib_dbl_underflow)
    i.__scatterload_copy                     0x08003118   Section       14  handlers.o(i.__scatterload_copy)
    i.__scatterload_null                     0x08003126   Section        2  handlers.o(i.__scatterload_null)
    i.__scatterload_zeroinit                 0x08003128   Section       14  handlers.o(i.__scatterload_zeroinit)
    i.__set_errno                            0x08003138   Section        0  errno.o(i.__set_errno)
    i.bpsAppendErrorSamples                  0x08003144   Section        0  bpsfunctions.o(i.bpsAppendErrorSamples)
    i.bpsAppendPIDSamples                    0x08003154   Section        0  bpsfunctions.o(i.bpsAppendPIDSamples)
    i.bpsBallAndPlateSystemStart             0x0800316c   Section        0  bpstasks.o(i.bpsBallAndPlateSystemStart)
    i.bpsCalSetpoint4CircleMode              0x0800326c   Section        0  bpsfunctions.o(i.bpsCalSetpoint4CircleMode)
    i.bpsCalculatePID                        0x080032dc   Section        0  bpsfunctions.o(i.bpsCalculatePID)
    i.bpsControlMotor                        0x08003356   Section        0  bpsfunctions.o(i.bpsControlMotor)
    i.bpsReadEncoderCnt                      0x0800338c   Section        0  bpsfunctions.o(i.bpsReadEncoderCnt)
    i.bpsSetPWMDuty                          0x080033ac   Section        0  bpsfunctions.o(i.bpsSetPWMDuty)
    i.bpsStartEncoder                        0x080033f8   Section        0  bpsfunctions.o(i.bpsStartEncoder)
    i.bpsStartPWM                            0x08003418   Section        0  bpsfunctions.o(i.bpsStartPWM)
    i.bpsTaskCalRefEncoderValue              0x08003450   Section        0  bpstasks.o(i.bpsTaskCalRefEncoderValue)
    i.bpsTaskControlMotor                    0x080034bc   Section        0  bpstasks.o(i.bpsTaskControlMotor)
    i.bpsTaskUARTSendData                    0x08003538   Section        0  bpstasks.o(i.bpsTaskUARTSendData)
    i.bpsTaskUpdateSetpoint                  0x080035a8   Section        0  bpstasks.o(i.bpsTaskUpdateSetpoint)
    i.bpsTaskUpdateUARTData                  0x08003694   Section        0  bpstasks.o(i.bpsTaskUpdateUARTData)
    i.bpsUARTReceiveData                     0x080036c8   Section        0  bpsfunctions.o(i.bpsUARTReceiveData)
    i.bpsUARTSendData                        0x080036d8   Section        0  bpsfunctions.o(i.bpsUARTSendData)
    i.fabs                                   0x080036e8   Section        0  fabs.o(i.fabs)
    i.main                                   0x08003700   Section        0  main.o(i.main)
    i.makeFreeRtosPriority                   0x08003798   Section        0  cmsis_os.o(i.makeFreeRtosPriority)
    makeFreeRtosPriority                     0x08003799   Thumb Code    12  cmsis_os.o(i.makeFreeRtosPriority)
    i.osDelay                                0x080037a4   Section        0  cmsis_os.o(i.osDelay)
    i.osKernelStart                          0x080037b2   Section        0  cmsis_os.o(i.osKernelStart)
    i.osSystickHandler                       0x080037bc   Section        0  cmsis_os.o(i.osSystickHandler)
    i.osThreadCreate                         0x080037d0   Section        0  cmsis_os.o(i.osThreadCreate)
    i.prvAddCurrentTaskToDelayedList         0x08003800   Section        0  tasks.o(i.prvAddCurrentTaskToDelayedList)
    prvAddCurrentTaskToDelayedList           0x08003801   Thumb Code   102  tasks.o(i.prvAddCurrentTaskToDelayedList)
    i.prvAddNewTaskToReadyList               0x08003870   Section        0  tasks.o(i.prvAddNewTaskToReadyList)
    prvAddNewTaskToReadyList                 0x08003871   Thumb Code   194  tasks.o(i.prvAddNewTaskToReadyList)
    i.prvCheckTasksWaitingTermination        0x08003940   Section        0  tasks.o(i.prvCheckTasksWaitingTermination)
    prvCheckTasksWaitingTermination          0x08003941   Thumb Code    70  tasks.o(i.prvCheckTasksWaitingTermination)
    i.prvDeleteTCB                           0x08003990   Section        0  tasks.o(i.prvDeleteTCB)
    prvDeleteTCB                             0x08003991   Thumb Code    20  tasks.o(i.prvDeleteTCB)
    i.prvHeapInit                            0x080039a4   Section        0  heap_4.o(i.prvHeapInit)
    prvHeapInit                              0x080039a5   Thumb Code    66  heap_4.o(i.prvHeapInit)
    i.prvIdleTask                            0x080039f0   Section        0  tasks.o(i.prvIdleTask)
    prvIdleTask                              0x080039f1   Thumb Code    30  tasks.o(i.prvIdleTask)
    i.prvInitialiseNewTask                   0x08003a18   Section        0  tasks.o(i.prvInitialiseNewTask)
    prvInitialiseNewTask                     0x08003a19   Thumb Code   142  tasks.o(i.prvInitialiseNewTask)
    i.prvInsertBlockIntoFreeList             0x08003aa8   Section        0  heap_4.o(i.prvInsertBlockIntoFreeList)
    prvInsertBlockIntoFreeList               0x08003aa9   Thumb Code    72  heap_4.o(i.prvInsertBlockIntoFreeList)
    i.prvResetNextTaskUnblockTime            0x08003af4   Section        0  tasks.o(i.prvResetNextTaskUnblockTime)
    prvResetNextTaskUnblockTime              0x08003af5   Thumb Code    26  tasks.o(i.prvResetNextTaskUnblockTime)
    i.prvTaskExitError                       0x08003b14   Section        0  port.o(i.prvTaskExitError)
    prvTaskExitError                         0x08003b15   Thumb Code    36  port.o(i.prvTaskExitError)
    i.pvPortMalloc                           0x08003b3c   Section        0  heap_4.o(i.pvPortMalloc)
    i.pxPortInitialiseStack                  0x08003c14   Section        0  port.o(i.pxPortInitialiseStack)
    i.ulTaskNotifyTake                       0x08003c40   Section        0  tasks.o(i.ulTaskNotifyTake)
    i.uxListRemove                           0x08003ca8   Section        0  list.o(i.uxListRemove)
    i.vListInitialise                        0x08003ccc   Section        0  list.o(i.vListInitialise)
    i.vListInitialiseItem                    0x08003ce2   Section        0  list.o(i.vListInitialiseItem)
    i.vListInsert                            0x08003ce8   Section        0  list.o(i.vListInsert)
    i.vListInsertEnd                         0x08003d18   Section        0  list.o(i.vListInsertEnd)
    i.vPortEnterCritical                     0x08003d30   Section        0  port.o(i.vPortEnterCritical)
    i.vPortExitCritical                      0x08003d70   Section        0  port.o(i.vPortExitCritical)
    i.vPortFree                              0x08003d98   Section        0  heap_4.o(i.vPortFree)
    i.vPortSetupTimerInterrupt               0x08003df4   Section        0  port.o(i.vPortSetupTimerInterrupt)
    i.vPortValidateInterruptPriority         0x08003e14   Section        0  port.o(i.vPortValidateInterruptPriority)
    i.vTaskDelay                             0x08003e68   Section        0  tasks.o(i.vTaskDelay)
    i.vTaskNotifyGiveFromISR                 0x08003eb4   Section        0  tasks.o(i.vTaskNotifyGiveFromISR)
    i.vTaskStartScheduler                    0x08003f6c   Section        0  tasks.o(i.vTaskStartScheduler)
    i.vTaskSuspendAll                        0x08003fd4   Section        0  tasks.o(i.vTaskSuspendAll)
    i.vTaskSwitchContext                     0x08003fe4   Section        0  tasks.o(i.vTaskSwitchContext)
    i.xPortStartScheduler                    0x08004040   Section        0  port.o(i.xPortStartScheduler)
    i.xPortSysTickHandler                    0x08004120   Section        0  port.o(i.xPortSysTickHandler)
    i.xTaskCreate                            0x0800414c   Section        0  tasks.o(i.xTaskCreate)
    i.xTaskGenericNotify                     0x080041a4   Section        0  tasks.o(i.xTaskGenericNotify)
    i.xTaskGetSchedulerState                 0x08004270   Section        0  tasks.o(i.xTaskGetSchedulerState)
    i.xTaskIncrementTick                     0x0800428c   Section        0  tasks.o(i.xTaskIncrementTick)
    i.xTaskResumeAll                         0x08004354   Section        0  tasks.o(i.xTaskResumeAll)
    .constdata                               0x08004418   Section        8  stm32f4xx_hal_dma.o(.constdata)
    flagBitshiftOffset                       0x08004418   Data           8  stm32f4xx_hal_dma.o(.constdata)
    .constdata                               0x08004420   Section       20  main.o(.constdata)
    .constdata                               0x08004434   Section       48  bpstasks.o(.constdata)
    .constdata                               0x08004464   Section       16  system_stm32f4xx.o(.constdata)
    .constdata                               0x08004474   Section        8  system_stm32f4xx.o(.constdata)
    .constdata                               0x08004480   Section       48  cos_i.o(.constdata)
    C                                        0x08004480   Data          48  cos_i.o(.constdata)
    .constdata                               0x080044b0   Section      200  rred.o(.constdata)
    pio2s                                    0x080044b0   Data          48  rred.o(.constdata)
    twooverpi                                0x080044e0   Data         152  rred.o(.constdata)
    .constdata                               0x08004578   Section       40  sin_i.o(.constdata)
    S                                        0x08004578   Data          40  sin_i.o(.constdata)
    .conststring                             0x080045a0   Section       12  main.o(.conststring)
    .data                                    0x20000000   Section       12  stm32f4xx_hal.o(.data)
    .data                                    0x2000000c   Section       12  port.o(.data)
    ucMaxSysCallPriority                     0x2000000c   Data           1  port.o(.data)
    uxCriticalNesting                        0x20000010   Data           4  port.o(.data)
    ulMaxPRIGROUPValue                       0x20000014   Data           4  port.o(.data)
    .data                                    0x20000018   Section       60  tasks.o(.data)
    uxDeletedTasksWaitingCleanUp             0x2000001c   Data           4  tasks.o(.data)
    uxCurrentNumberOfTasks                   0x20000020   Data           4  tasks.o(.data)
    xTickCount                               0x20000024   Data           4  tasks.o(.data)
    uxTopReadyPriority                       0x20000028   Data           4  tasks.o(.data)
    xSchedulerRunning                        0x2000002c   Data           4  tasks.o(.data)
    uxPendedTicks                            0x20000030   Data           4  tasks.o(.data)
    xYieldPending                            0x20000034   Data           4  tasks.o(.data)
    xNumOfOverflows                          0x20000038   Data           4  tasks.o(.data)
    uxTaskNumber                             0x2000003c   Data           4  tasks.o(.data)
    xNextTaskUnblockTime                     0x20000040   Data           4  tasks.o(.data)
    xIdleTaskHandle                          0x20000044   Data           4  tasks.o(.data)
    uxSchedulerSuspended                     0x20000048   Data           4  tasks.o(.data)
    pxDelayedTaskList                        0x2000004c   Data           4  tasks.o(.data)
    pxOverflowDelayedTaskList                0x20000050   Data           4  tasks.o(.data)
    .data                                    0x20000054   Section       24  heap_4.o(.data)
    pxEnd                                    0x20000054   Data           4  heap_4.o(.data)
    xFreeBytesRemaining                      0x20000058   Data           4  heap_4.o(.data)
    xMinimumEverFreeBytesRemaining           0x2000005c   Data           4  heap_4.o(.data)
    xBlockAllocatedBit                       0x20000060   Data           4  heap_4.o(.data)
    xStart                                   0x20000064   Data           8  heap_4.o(.data)
    .data                                    0x2000006c   Section        4  main.o(.data)
    .data                                    0x20000070   Section        2  bpstasks.o(.data)
    .data                                    0x20000074   Section        4  system_stm32f4xx.o(.data)
    .data                                    0x20000078   Section        4  errno.o(.data)
    _errno                                   0x20000078   Data           4  errno.o(.data)
    .bss                                     0x2000007c   Section      240  tasks.o(.bss)
    pxReadyTasksLists                        0x2000007c   Data         140  tasks.o(.bss)
    xDelayedTaskList1                        0x20000108   Data          20  tasks.o(.bss)
    xDelayedTaskList2                        0x2000011c   Data          20  tasks.o(.bss)
    xPendingReadyList                        0x20000130   Data          20  tasks.o(.bss)
    xTasksWaitingTermination                 0x20000144   Data          20  tasks.o(.bss)
    xSuspendedTaskList                       0x20000158   Data          20  tasks.o(.bss)
    .bss                                     0x2000016c   Section    15360  heap_4.o(.bss)
    ucHeap                                   0x2000016c   Data       15360  heap_4.o(.bss)
    .bss                                     0x20003d6c   Section       60  stm32f4xx_hal_timebase_tim.o(.bss)
    .bss                                     0x20003da8   Section      244  main.o(.bss)
    .bss                                     0x20003e9c   Section       96  main.o(.bss)
    .bss                                     0x20003efc   Section      312  bpstasks.o(.bss)
    STACK                                    0x20004038   Section     1024  startup_stm32f411xe.o(STACK)

    Global Symbols

    Symbol Name                              Value     Ov Type        Size  Object(Section)

    BuildAttributes$$THM_ISAv4$E$P$D$K$B$S$7EM$VFPi3$EXTD16$VFPS$VFMA$PE$A:L22UL41UL21$X:L11$S22US41US21$IEEE1$IW$USESV6$~STKCKD$USESV7$~SHL$OTIME$ROPI$IEEEX$EBA8$MICROLIB$REQ8$PRES8$EABIv2 0x00000000   Number         0  anon$$obj.o ABSOLUTE
    __ARM_use_no_argv                        0x00000000   Number         0  main.o ABSOLUTE
    __cpp_initialize__aeabi_                  - Undefined Weak Reference
    __cxa_finalize                            - Undefined Weak Reference
    __decompress                              - Undefined Weak Reference
    _clock_init                               - Undefined Weak Reference
    _microlib_exit                            - Undefined Weak Reference
    __Vectors_Size                           0x00000198   Number         0  startup_stm32f411xe.o ABSOLUTE
    __Vectors                                0x08000000   Data           4  startup_stm32f411xe.o(RESET)
    __Vectors_End                            0x08000198   Data           0  startup_stm32f411xe.o(RESET)
    __main                                   0x08000199   Thumb Code     0  entry.o(.ARM.Collect$$$$00000000)
    _main_stk                                0x08000199   Thumb Code     0  entry2.o(.ARM.Collect$$$$00000001)
    _main_scatterload                        0x0800019d   Thumb Code     0  entry5.o(.ARM.Collect$$$$00000004)
    __main_after_scatterload                 0x080001a1   Thumb Code     0  entry5.o(.ARM.Collect$$$$00000004)
    _main_clock                              0x080001a1   Thumb Code     0  entry7b.o(.ARM.Collect$$$$00000008)
    _main_cpp_init                           0x080001a1   Thumb Code     0  entry8b.o(.ARM.Collect$$$$0000000A)
    _main_init                               0x080001a1   Thumb Code     0  entry9a.o(.ARM.Collect$$$$0000000B)
    __rt_final_cpp                           0x080001a9   Thumb Code     0  entry10a.o(.ARM.Collect$$$$0000000D)
    __rt_final_exit                          0x080001a9   Thumb Code     0  entry11a.o(.ARM.Collect$$$$0000000F)
    SVC_Handler                              0x080001ad   Thumb Code    28  port.o(.emb_text)
    __asm___6_port_c_39a90d8d__prvStartFirstTask 0x080001cd   Thumb Code    28  port.o(.emb_text)
    __asm___6_port_c_39a90d8d__prvEnableVFP  0x080001ed   Thumb Code    16  port.o(.emb_text)
    PendSV_Handler                           0x08000201   Thumb Code    92  port.o(.emb_text)
    vPortGetIPSR                             0x08000261   Thumb Code     6  port.o(.emb_text)
    Reset_Handler                            0x08000269   Thumb Code     8  startup_stm32f411xe.o(.text)
    ADC_IRQHandler                           0x08000283   Thumb Code     0  startup_stm32f411xe.o(.text)
    DMA1_Stream0_IRQHandler                  0x08000283   Thumb Code     0  startup_stm32f411xe.o(.text)
    DMA1_Stream1_IRQHandler                  0x08000283   Thumb Code     0  startup_stm32f411xe.o(.text)
    DMA1_Stream2_IRQHandler                  0x08000283   Thumb Code     0  startup_stm32f411xe.o(.text)
    DMA1_Stream3_IRQHandler                  0x08000283   Thumb Code     0  startup_stm32f411xe.o(.text)
    DMA1_Stream4_IRQHandler                  0x08000283   Thumb Code     0  startup_stm32f411xe.o(.text)
    DMA1_Stream6_IRQHandler                  0x08000283   Thumb Code     0  startup_stm32f411xe.o(.text)
    DMA1_Stream7_IRQHandler                  0x08000283   Thumb Code     0  startup_stm32f411xe.o(.text)
    DMA2_Stream0_IRQHandler                  0x08000283   Thumb Code     0  startup_stm32f411xe.o(.text)
    DMA2_Stream1_IRQHandler                  0x08000283   Thumb Code     0  startup_stm32f411xe.o(.text)
    DMA2_Stream2_IRQHandler                  0x08000283   Thumb Code     0  startup_stm32f411xe.o(.text)
    DMA2_Stream3_IRQHandler                  0x08000283   Thumb Code     0  startup_stm32f411xe.o(.text)
    DMA2_Stream4_IRQHandler                  0x08000283   Thumb Code     0  startup_stm32f411xe.o(.text)
    DMA2_Stream5_IRQHandler                  0x08000283   Thumb Code     0  startup_stm32f411xe.o(.text)
    DMA2_Stream6_IRQHandler                  0x08000283   Thumb Code     0  startup_stm32f411xe.o(.text)
    DMA2_Stream7_IRQHandler                  0x08000283   Thumb Code     0  startup_stm32f411xe.o(.text)
    EXTI0_IRQHandler                         0x08000283   Thumb Code     0  startup_stm32f411xe.o(.text)
    EXTI15_10_IRQHandler                     0x08000283   Thumb Code     0  startup_stm32f411xe.o(.text)
    EXTI1_IRQHandler                         0x08000283   Thumb Code     0  startup_stm32f411xe.o(.text)
    EXTI2_IRQHandler                         0x08000283   Thumb Code     0  startup_stm32f411xe.o(.text)
    EXTI3_IRQHandler                         0x08000283   Thumb Code     0  startup_stm32f411xe.o(.text)
    EXTI4_IRQHandler                         0x08000283   Thumb Code     0  startup_stm32f411xe.o(.text)
    EXTI9_5_IRQHandler                       0x08000283   Thumb Code     0  startup_stm32f411xe.o(.text)
    FLASH_IRQHandler                         0x08000283   Thumb Code     0  startup_stm32f411xe.o(.text)
    FPU_IRQHandler                           0x08000283   Thumb Code     0  startup_stm32f411xe.o(.text)
    I2C1_ER_IRQHandler                       0x08000283   Thumb Code     0  startup_stm32f411xe.o(.text)
    I2C1_EV_IRQHandler                       0x08000283   Thumb Code     0  startup_stm32f411xe.o(.text)
    I2C2_ER_IRQHandler                       0x08000283   Thumb Code     0  startup_stm32f411xe.o(.text)
    I2C2_EV_IRQHandler                       0x08000283   Thumb Code     0  startup_stm32f411xe.o(.text)
    I2C3_ER_IRQHandler                       0x08000283   Thumb Code     0  startup_stm32f411xe.o(.text)
    I2C3_EV_IRQHandler                       0x08000283   Thumb Code     0  startup_stm32f411xe.o(.text)
    OTG_FS_IRQHandler                        0x08000283   Thumb Code     0  startup_stm32f411xe.o(.text)
    OTG_FS_WKUP_IRQHandler                   0x08000283   Thumb Code     0  startup_stm32f411xe.o(.text)
    PVD_IRQHandler                           0x08000283   Thumb Code     0  startup_stm32f411xe.o(.text)
    RCC_IRQHandler                           0x08000283   Thumb Code     0  startup_stm32f411xe.o(.text)
    RTC_Alarm_IRQHandler                     0x08000283   Thumb Code     0  startup_stm32f411xe.o(.text)
    RTC_WKUP_IRQHandler                      0x08000283   Thumb Code     0  startup_stm32f411xe.o(.text)
    SDIO_IRQHandler                          0x08000283   Thumb Code     0  startup_stm32f411xe.o(.text)
    SPI1_IRQHandler                          0x08000283   Thumb Code     0  startup_stm32f411xe.o(.text)
    SPI2_IRQHandler                          0x08000283   Thumb Code     0  startup_stm32f411xe.o(.text)
    SPI3_IRQHandler                          0x08000283   Thumb Code     0  startup_stm32f411xe.o(.text)
    SPI4_IRQHandler                          0x08000283   Thumb Code     0  startup_stm32f411xe.o(.text)
    SPI5_IRQHandler                          0x08000283   Thumb Code     0  startup_stm32f411xe.o(.text)
    TAMP_STAMP_IRQHandler                    0x08000283   Thumb Code     0  startup_stm32f411xe.o(.text)
    TIM1_BRK_TIM9_IRQHandler                 0x08000283   Thumb Code     0  startup_stm32f411xe.o(.text)
    TIM1_CC_IRQHandler                       0x08000283   Thumb Code     0  startup_stm32f411xe.o(.text)
    TIM1_TRG_COM_TIM11_IRQHandler            0x08000283   Thumb Code     0  startup_stm32f411xe.o(.text)
    TIM2_IRQHandler                          0x08000283   Thumb Code     0  startup_stm32f411xe.o(.text)
    TIM3_IRQHandler                          0x08000283   Thumb Code     0  startup_stm32f411xe.o(.text)
    TIM4_IRQHandler                          0x08000283   Thumb Code     0  startup_stm32f411xe.o(.text)
    TIM5_IRQHandler                          0x08000283   Thumb Code     0  startup_stm32f411xe.o(.text)
    USART1_IRQHandler                        0x08000283   Thumb Code     0  startup_stm32f411xe.o(.text)
    USART6_IRQHandler                        0x08000283   Thumb Code     0  startup_stm32f411xe.o(.text)
    WWDG_IRQHandler                          0x08000283   Thumb Code     0  startup_stm32f411xe.o(.text)
    __aeabi_uldivmod                         0x0800028d   Thumb Code    98  uldiv.o(.text)
    __aeabi_memcpy                           0x080002ef   Thumb Code    36  memcpya.o(.text)
    __aeabi_memcpy4                          0x080002ef   Thumb Code     0  memcpya.o(.text)
    __aeabi_memcpy8                          0x080002ef   Thumb Code     0  memcpya.o(.text)
    __aeabi_memset                           0x08000313   Thumb Code    14  memseta.o(.text)
    __aeabi_memset4                          0x08000313   Thumb Code     0  memseta.o(.text)
    __aeabi_memset8                          0x08000313   Thumb Code     0  memseta.o(.text)
    __aeabi_memclr                           0x08000321   Thumb Code     4  memseta.o(.text)
    __aeabi_memclr4                          0x08000321   Thumb Code     0  memseta.o(.text)
    __aeabi_memclr8                          0x08000321   Thumb Code     0  memseta.o(.text)
    _memset$wrapper                          0x08000325   Thumb Code    18  memseta.o(.text)
    __aeabi_dadd                             0x08000337   Thumb Code   322  dadd.o(.text)
    __aeabi_dsub                             0x08000479   Thumb Code     6  dadd.o(.text)
    __aeabi_drsub                            0x0800047f   Thumb Code     6  dadd.o(.text)
    __aeabi_dmul                             0x08000485   Thumb Code   228  dmul.o(.text)
    __aeabi_i2d                              0x08000569   Thumb Code    34  dflti.o(.text)
    __aeabi_ui2d                             0x0800058b   Thumb Code    26  dfltui.o(.text)
    __aeabi_d2iz                             0x080005a5   Thumb Code    62  dfixi.o(.text)
    __aeabi_llsl                             0x080005e3   Thumb Code    30  llshl.o(.text)
    _ll_shift_l                              0x080005e3   Thumb Code     0  llshl.o(.text)
    __aeabi_llsr                             0x08000601   Thumb Code    32  llushr.o(.text)
    _ll_ushift_r                             0x08000601   Thumb Code     0  llushr.o(.text)
    __aeabi_lasr                             0x08000621   Thumb Code    36  llsshr.o(.text)
    _ll_sshift_r                             0x08000621   Thumb Code     0  llsshr.o(.text)
    __I$use$fp                               0x08000645   Thumb Code     0  iusefp.o(.text)
    _double_round                            0x08000645   Thumb Code    30  depilogue.o(.text)
    _double_epilogue                         0x08000663   Thumb Code   156  depilogue.o(.text)
    __scatterload                            0x08000701   Thumb Code    28  init.o(.text)
    __scatterload_rt2                        0x08000701   Thumb Code     0  init.o(.text)
    __aeabi_ddiv                             0x08000725   Thumb Code   222  ddiv.o(.text)
    BusFault_Handler                         0x08000803   Thumb Code     2  stm32f4xx_it.o(i.BusFault_Handler)
    DMA1_Stream5_IRQHandler                  0x08000805   Thumb Code     6  stm32f4xx_it.o(i.DMA1_Stream5_IRQHandler)
    DebugMon_Handler                         0x080008b5   Thumb Code     2  stm32f4xx_it.o(i.DebugMon_Handler)
    HAL_DMA_Abort_IT                         0x080008b7   Thumb Code    36  stm32f4xx_hal_dma.o(i.HAL_DMA_Abort_IT)
    HAL_DMA_IRQHandler                       0x080008dd   Thumb Code   412  stm32f4xx_hal_dma.o(i.HAL_DMA_IRQHandler)
    HAL_DMA_Init                             0x08000a7d   Thumb Code   206  stm32f4xx_hal_dma.o(i.HAL_DMA_Init)
    HAL_DMA_Start_IT                         0x08000b51   Thumb Code   120  stm32f4xx_hal_dma.o(i.HAL_DMA_Start_IT)
    HAL_GPIO_Init                            0x08000bc9   Thumb Code   358  stm32f4xx_hal_gpio.o(i.HAL_GPIO_Init)
    HAL_GPIO_TogglePin                       0x08000d51   Thumb Code     8  stm32f4xx_hal_gpio.o(i.HAL_GPIO_TogglePin)
    HAL_GPIO_WritePin                        0x08000d59   Thumb Code    10  stm32f4xx_hal_gpio.o(i.HAL_GPIO_WritePin)
    HAL_GetTick                              0x08000d65   Thumb Code     6  stm32f4xx_hal.o(i.HAL_GetTick)
    HAL_IncTick                              0x08000d71   Thumb Code    12  stm32f4xx_hal.o(i.HAL_IncTick)
    HAL_Init                                 0x08000d81   Thumb Code    48  stm32f4xx_hal.o(i.HAL_Init)
    HAL_InitTick                             0x08000db5   Thumb Code    98  stm32f4xx_hal_timebase_tim.o(i.HAL_InitTick)
    HAL_MspInit                              0x08000e29   Thumb Code    88  stm32f4xx_hal_msp.o(i.HAL_MspInit)
    HAL_NVIC_EnableIRQ                       0x08000e81   Thumb Code    22  stm32f4xx_hal_cortex.o(i.HAL_NVIC_EnableIRQ)
    HAL_NVIC_SetPriority                     0x08000e99   Thumb Code    60  stm32f4xx_hal_cortex.o(i.HAL_NVIC_SetPriority)
    HAL_NVIC_SetPriorityGrouping             0x08000ed9   Thumb Code    26  stm32f4xx_hal_cortex.o(i.HAL_NVIC_SetPriorityGrouping)
    HAL_RCC_ClockConfig                      0x08000efd   Thumb Code   286  stm32f4xx_hal_rcc.o(i.HAL_RCC_ClockConfig)
    HAL_RCC_GetClockConfig                   0x0800102d   Thumb Code    54  stm32f4xx_hal_rcc.o(i.HAL_RCC_GetClockConfig)
    HAL_RCC_GetHCLKFreq                      0x0800106d   Thumb Code     6  stm32f4xx_hal_rcc.o(i.HAL_RCC_GetHCLKFreq)
    HAL_RCC_GetPCLK1Freq                     0x08001079   Thumb Code    20  stm32f4xx_hal_rcc.o(i.HAL_RCC_GetPCLK1Freq)
    HAL_RCC_GetPCLK2Freq                     0x08001099   Thumb Code    20  stm32f4xx_hal_rcc.o(i.HAL_RCC_GetPCLK2Freq)
    HAL_RCC_GetSysClockFreq                  0x080010b9   Thumb Code    88  stm32f4xx_hal_rcc.o(i.HAL_RCC_GetSysClockFreq)
    HAL_RCC_OscConfig                        0x08001119   Thumb Code   770  stm32f4xx_hal_rcc.o(i.HAL_RCC_OscConfig)
    HAL_SYSTICK_CLKSourceConfig              0x08001435   Thumb Code    24  stm32f4xx_hal_cortex.o(i.HAL_SYSTICK_CLKSourceConfig)
    HAL_SYSTICK_Config                       0x0800144d   Thumb Code    40  stm32f4xx_hal_cortex.o(i.HAL_SYSTICK_Config)
    HAL_TIMEx_BreakCallback                  0x08001475   Thumb Code     2  stm32f4xx_hal_tim_ex.o(i.HAL_TIMEx_BreakCallback)
    HAL_TIMEx_CommutationCallback            0x08001477   Thumb Code     2  stm32f4xx_hal_tim_ex.o(i.HAL_TIMEx_CommutationCallback)
    HAL_TIMEx_MasterConfigSynchronization    0x08001479   Thumb Code    80  stm32f4xx_hal_tim_ex.o(i.HAL_TIMEx_MasterConfigSynchronization)
    HAL_TIM_Base_Init                        0x080014c9   Thumb Code    54  stm32f4xx_hal_tim.o(i.HAL_TIM_Base_Init)
    HAL_TIM_Base_MspInit                     0x08001501   Thumb Code    30  stm32f4xx_hal_msp.o(i.HAL_TIM_Base_MspInit)
    HAL_TIM_Base_Start                       0x08001525   Thumb Code    26  stm32f4xx_hal_tim.o(i.HAL_TIM_Base_Start)
    HAL_TIM_Base_Start_IT                    0x0800153f   Thumb Code    24  stm32f4xx_hal_tim.o(i.HAL_TIM_Base_Start_IT)
    HAL_TIM_ConfigClockSource                0x08001557   Thumb Code   242  stm32f4xx_hal_tim.o(i.HAL_TIM_ConfigClockSource)
    HAL_TIM_Encoder_Init                     0x08001649   Thumb Code   150  stm32f4xx_hal_tim.o(i.HAL_TIM_Encoder_Init)
    HAL_TIM_Encoder_MspInit                  0x080016e1   Thumb Code   100  stm32f4xx_hal_msp.o(i.HAL_TIM_Encoder_MspInit)
    HAL_TIM_Encoder_Start                    0x08001759   Thumb Code    52  stm32f4xx_hal_tim.o(i.HAL_TIM_Encoder_Start)
    HAL_TIM_IC_CaptureCallback               0x0800178d   Thumb Code     2  stm32f4xx_hal_tim.o(i.HAL_TIM_IC_CaptureCallback)
    HAL_TIM_IRQHandler                       0x0800178f   Thumb Code   358  stm32f4xx_hal_tim.o(i.HAL_TIM_IRQHandler)
    HAL_TIM_MspPostInit                      0x080018f5   Thumb Code    62  stm32f4xx_hal_msp.o(i.HAL_TIM_MspPostInit)
    HAL_TIM_OC_DelayElapsedCallback          0x0800193d   Thumb Code     2  stm32f4xx_hal_tim.o(i.HAL_TIM_OC_DelayElapsedCallback)
    HAL_TIM_PWM_ConfigChannel                0x0800193f   Thumb Code   208  stm32f4xx_hal_tim.o(i.HAL_TIM_PWM_ConfigChannel)
    HAL_TIM_PWM_Init                         0x08001a0f   Thumb Code    54  stm32f4xx_hal_tim.o(i.HAL_TIM_PWM_Init)
    HAL_TIM_PWM_MspInit                      0x08001a45   Thumb Code     2  stm32f4xx_hal_tim.o(i.HAL_TIM_PWM_MspInit)
    HAL_TIM_PWM_PulseFinishedCallback        0x08001a47   Thumb Code     2  stm32f4xx_hal_tim.o(i.HAL_TIM_PWM_PulseFinishedCallback)
    HAL_TIM_PWM_Start                        0x08001a49   Thumb Code    42  stm32f4xx_hal_tim.o(i.HAL_TIM_PWM_Start)
    HAL_TIM_PeriodElapsedCallback            0x08001a79   Thumb Code    14  main.o(i.HAL_TIM_PeriodElapsedCallback)
    HAL_TIM_TriggerCallback                  0x08001a8d   Thumb Code     2  stm32f4xx_hal_tim.o(i.HAL_TIM_TriggerCallback)
    HAL_UART_ErrorCallback                   0x08001a8f   Thumb Code     2  stm32f4xx_hal_uart.o(i.HAL_UART_ErrorCallback)
    HAL_UART_IRQHandler                      0x08001a91   Thumb Code   266  stm32f4xx_hal_uart.o(i.HAL_UART_IRQHandler)
    HAL_UART_Init                            0x08001ba1   Thumb Code    98  stm32f4xx_hal_uart.o(i.HAL_UART_Init)
    HAL_UART_MspInit                         0x08001c05   Thumb Code   158  stm32f4xx_hal_msp.o(i.HAL_UART_MspInit)
    HAL_UART_Receive_DMA                     0x08001cd9   Thumb Code   138  stm32f4xx_hal_uart.o(i.HAL_UART_Receive_DMA)
    HAL_UART_RxCpltCallback                  0x08001d71   Thumb Code    50  bpstasks.o(i.HAL_UART_RxCpltCallback)
    HAL_UART_RxHalfCpltCallback              0x08001db1   Thumb Code     2  stm32f4xx_hal_uart.o(i.HAL_UART_RxHalfCpltCallback)
    HAL_UART_Transmit_IT                     0x08001db3   Thumb Code    62  stm32f4xx_hal_uart.o(i.HAL_UART_Transmit_IT)
    HAL_UART_TxCpltCallback                  0x08001df1   Thumb Code     2  stm32f4xx_hal_uart.o(i.HAL_UART_TxCpltCallback)
    HardFault_Handler                        0x08001df3   Thumb Code     2  stm32f4xx_it.o(i.HardFault_Handler)
    MemManage_Handler                        0x08001ff9   Thumb Code     2  stm32f4xx_it.o(i.MemManage_Handler)
    NMI_Handler                              0x08001ffb   Thumb Code     2  stm32f4xx_it.o(i.NMI_Handler)
    StartDefaultTask                         0x0800201d   Thumb Code     8  main.o(i.StartDefaultTask)
    SysTick_Handler                          0x08002025   Thumb Code     4  stm32f4xx_it.o(i.SysTick_Handler)
    SystemClock_Config                       0x08002029   Thumb Code   146  main.o(i.SystemClock_Config)
    SystemInit                               0x080020c5   Thumb Code    66  system_stm32f4xx.o(i.SystemInit)
    TIM1_UP_TIM10_IRQHandler                 0x08002119   Thumb Code     6  stm32f4xx_it.o(i.TIM1_UP_TIM10_IRQHandler)
    TIM_Base_SetConfig                       0x08002125   Thumb Code   114  stm32f4xx_hal_tim.o(i.TIM_Base_SetConfig)
    TIM_CCxChannelCmd                        0x080021b5   Thumb Code    22  stm32f4xx_hal_tim.o(i.TIM_CCxChannelCmd)
    TIM_OC2_SetConfig                        0x08002241   Thumb Code    84  stm32f4xx_hal_tim.o(i.TIM_OC2_SetConfig)
    USART2_IRQHandler                        0x080027e5   Thumb Code     6  stm32f4xx_it.o(i.USART2_IRQHandler)
    UsageFault_Handler                       0x080027f1   Thumb Code     2  stm32f4xx_it.o(i.UsageFault_Handler)
    _Error_Handler                           0x080027f3   Thumb Code     2  main.o(i._Error_Handler)
    __ARM_fpclassify                         0x080027f5   Thumb Code    48  fpclassify.o(i.__ARM_fpclassify)
    __hardfp_cos                             0x08002829   Thumb Code   180  cos.o(i.__hardfp_cos)
    __ieee754_rem_pio2                       0x080028f1   Thumb Code   938  rred.o(i.__ieee754_rem_pio2)
    __kernel_cos                             0x08002d29   Thumb Code   322  cos_i.o(i.__kernel_cos)
    __kernel_poly                            0x08002e99   Thumb Code   248  poly.o(i.__kernel_poly)
    __kernel_sin                             0x08002f91   Thumb Code   280  sin_i.o(i.__kernel_sin)
    __mathlib_dbl_infnan                     0x080030c1   Thumb Code    20  dunder.o(i.__mathlib_dbl_infnan)
    __mathlib_dbl_invalid                    0x080030d9   Thumb Code    24  dunder.o(i.__mathlib_dbl_invalid)
    __mathlib_dbl_underflow                  0x080030f9   Thumb Code    24  dunder.o(i.__mathlib_dbl_underflow)
    __scatterload_copy                       0x08003119   Thumb Code    14  handlers.o(i.__scatterload_copy)
    __scatterload_null                       0x08003127   Thumb Code     2  handlers.o(i.__scatterload_null)
    __scatterload_zeroinit                   0x08003129   Thumb Code    14  handlers.o(i.__scatterload_zeroinit)
    __set_errno                              0x08003139   Thumb Code     6  errno.o(i.__set_errno)
    bpsAppendErrorSamples                    0x08003145   Thumb Code    16  bpsfunctions.o(i.bpsAppendErrorSamples)
    bpsAppendPIDSamples                      0x08003155   Thumb Code    22  bpsfunctions.o(i.bpsAppendPIDSamples)
    bpsBallAndPlateSystemStart               0x0800316d   Thumb Code   122  bpstasks.o(i.bpsBallAndPlateSystemStart)
    bpsCalSetpoint4CircleMode                0x0800326d   Thumb Code   112  bpsfunctions.o(i.bpsCalSetpoint4CircleMode)
    bpsCalculatePID                          0x080032dd   Thumb Code   122  bpsfunctions.o(i.bpsCalculatePID)
    bpsControlMotor                          0x08003357   Thumb Code    54  bpsfunctions.o(i.bpsControlMotor)
    bpsReadEncoderCnt                        0x0800338d   Thumb Code    24  bpsfunctions.o(i.bpsReadEncoderCnt)
    bpsSetPWMDuty                            0x080033ad   Thumb Code    70  bpsfunctions.o(i.bpsSetPWMDuty)
    bpsStartEncoder                          0x080033f9   Thumb Code    24  bpsfunctions.o(i.bpsStartEncoder)
    bpsStartPWM                              0x08003419   Thumb Code    52  bpsfunctions.o(i.bpsStartPWM)
    bpsTaskCalRefEncoderValue                0x08003451   Thumb Code   100  bpstasks.o(i.bpsTaskCalRefEncoderValue)
    bpsTaskControlMotor                      0x080034bd   Thumb Code   112  bpstasks.o(i.bpsTaskControlMotor)
    bpsTaskUARTSendData                      0x08003539   Thumb Code   104  bpstasks.o(i.bpsTaskUARTSendData)
    bpsTaskUpdateSetpoint                    0x080035a9   Thumb Code   228  bpstasks.o(i.bpsTaskUpdateSetpoint)
    bpsTaskUpdateUARTData                    0x08003695   Thumb Code    48  bpstasks.o(i.bpsTaskUpdateUARTData)
    bpsUARTReceiveData                       0x080036c9   Thumb Code    10  bpsfunctions.o(i.bpsUARTReceiveData)
    bpsUARTSendData                          0x080036d9   Thumb Code    10  bpsfunctions.o(i.bpsUARTSendData)
    fabs                                     0x080036e9   Thumb Code    24  fabs.o(i.fabs)
    main                                     0x08003701   Thumb Code   126  main.o(i.main)
    osDelay                                  0x080037a5   Thumb Code    14  cmsis_os.o(i.osDelay)
    osKernelStart                            0x080037b3   Thumb Code    10  cmsis_os.o(i.osKernelStart)
    osSystickHandler                         0x080037bd   Thumb Code    20  cmsis_os.o(i.osSystickHandler)
    osThreadCreate                           0x080037d1   Thumb Code    46  cmsis_os.o(i.osThreadCreate)
    pvPortMalloc                             0x08003b3d   Thumb Code   210  heap_4.o(i.pvPortMalloc)
    pxPortInitialiseStack                    0x08003c15   Thumb Code    40  port.o(i.pxPortInitialiseStack)
    ulTaskNotifyTake                         0x08003c41   Thumb Code    96  tasks.o(i.ulTaskNotifyTake)
    uxListRemove                             0x08003ca9   Thumb Code    36  list.o(i.uxListRemove)
    vListInitialise                          0x08003ccd   Thumb Code    22  list.o(i.vListInitialise)
    vListInitialiseItem                      0x08003ce3   Thumb Code     6  list.o(i.vListInitialiseItem)
    vListInsert                              0x08003ce9   Thumb Code    48  list.o(i.vListInsert)
    vListInsertEnd                           0x08003d19   Thumb Code    24  list.o(i.vListInsertEnd)
    vPortEnterCritical                       0x08003d31   Thumb Code    54  port.o(i.vPortEnterCritical)
    vPortExitCritical                        0x08003d71   Thumb Code    34  port.o(i.vPortExitCritical)
    vPortFree                                0x08003d99   Thumb Code    88  heap_4.o(i.vPortFree)
    vPortSetupTimerInterrupt                 0x08003df5   Thumb Code    26  port.o(i.vPortSetupTimerInterrupt)
    vPortValidateInterruptPriority           0x08003e15   Thumb Code    74  port.o(i.vPortValidateInterruptPriority)
    vTaskDelay                               0x08003e69   Thumb Code    66  tasks.o(i.vTaskDelay)
    vTaskNotifyGiveFromISR                   0x08003eb5   Thumb Code   174  tasks.o(i.vTaskNotifyGiveFromISR)
    vTaskStartScheduler                      0x08003f6d   Thumb Code    86  tasks.o(i.vTaskStartScheduler)
    vTaskSuspendAll                          0x08003fd5   Thumb Code    10  tasks.o(i.vTaskSuspendAll)
    vTaskSwitchContext                       0x08003fe5   Thumb Code    82  tasks.o(i.vTaskSwitchContext)
    xPortStartScheduler                      0x08004041   Thumb Code   202  port.o(i.xPortStartScheduler)
    xPortSysTickHandler                      0x08004121   Thumb Code    38  port.o(i.xPortSysTickHandler)
    xTaskCreate                              0x0800414d   Thumb Code    86  tasks.o(i.xTaskCreate)
    xTaskGenericNotify                       0x080041a5   Thumb Code   190  tasks.o(i.xTaskGenericNotify)
    xTaskGetSchedulerState                   0x08004271   Thumb Code    22  tasks.o(i.xTaskGetSchedulerState)
    xTaskIncrementTick                       0x0800428d   Thumb Code   192  tasks.o(i.xTaskIncrementTick)
    xTaskResumeAll                           0x08004355   Thumb Code   182  tasks.o(i.xTaskResumeAll)
    AHBPrescTable                            0x08004464   Data          16  system_stm32f4xx.o(.constdata)
    APBPrescTable                            0x08004474   Data           8  system_stm32f4xx.o(.constdata)
    Region$$Table$$Base                      0x080045ac   Number         0  anon$$obj.o(Region$$Table)
    Region$$Table$$Limit                     0x080045cc   Number         0  anon$$obj.o(Region$$Table)
    uwTickFreq                               0x20000000   Data           1  stm32f4xx_hal.o(.data)
    uwTickPrio                               0x20000004   Data           4  stm32f4xx_hal.o(.data)
    uwTick                                   0x20000008   Data           4  stm32f4xx_hal.o(.data)
    pxCurrentTCB                             0x20000018   Data           4  tasks.o(.data)
    defaultTaskHandle                        0x2000006c   Data           4  main.o(.data)
    encoderValue                             0x20000070   Data           2  bpstasks.o(.data)
    SystemCoreClock                          0x20000074   Data           4  system_stm32f4xx.o(.data)
    htim1                                    0x20003d6c   Data          60  stm32f4xx_hal_timebase_tim.o(.bss)
    htim2                                    0x20003da8   Data          60  main.o(.bss)
    htim3                                    0x20003de4   Data          60  main.o(.bss)
    htim4                                    0x20003e20   Data          60  main.o(.bss)
    huart2                                   0x20003e5c   Data          64  main.o(.bss)
    hdma_usart2_rx                           0x20003e9c   Data          96  main.o(.bss)
    sendData                                 0x20003efc   Data          56  bpstasks.o(.bss)
    sharedData                               0x20003f34   Data         216  bpstasks.o(.bss)
    taskNumber                               0x2000400c   Data          40  bpstasks.o(.bss)
    __initial_sp                             0x20004438   Data           0  startup_stm32f411xe.o(STACK)



==============================================================================

Memory Map of the image

  Image Entry point : 0x08000199

  Load Region LR_IROM1 (Base: 0x08000000, Size: 0x00004648, Max: 0x00080000, ABSOLUTE)

    Execution Region ER_IROM1 (Exec base: 0x08000000, Load base: 0x08000000, Size: 0x000045cc, Max: 0x00080000, ABSOLUTE)

    Exec Addr    Load Addr    Size         Type   Attr      Idx    E Section Name        Object

    0x08000000   0x08000000   0x00000198   Data   RO            3    RESET               startup_stm32f411xe.o
    0x08000198   0x08000198   0x00000000   Code   RO         4059  * .ARM.Collect$$$$00000000  mc_w.l(entry.o)
    0x08000198   0x08000198   0x00000004   Code   RO         4108    .ARM.Collect$$$$00000001  mc_w.l(entry2.o)
    0x0800019c   0x0800019c   0x00000004   Code   RO         4111    .ARM.Collect$$$$00000004  mc_w.l(entry5.o)
    0x080001a0   0x080001a0   0x00000000   Code   RO         4113    .ARM.Collect$$$$00000008  mc_w.l(entry7b.o)
    0x080001a0   0x080001a0   0x00000000   Code   RO         4115    .ARM.Collect$$$$0000000A  mc_w.l(entry8b.o)
    0x080001a0   0x080001a0   0x00000008   Code   RO         4116    .ARM.Collect$$$$0000000B  mc_w.l(entry9a.o)
    0x080001a8   0x080001a8   0x00000000   Code   RO         4118    .ARM.Collect$$$$0000000D  mc_w.l(entry10a.o)
    0x080001a8   0x080001a8   0x00000000   Code   RO         4120    .ARM.Collect$$$$0000000F  mc_w.l(entry11a.o)
    0x080001a8   0x080001a8   0x00000004   Code   RO         4109    .ARM.Collect$$$$00002712  mc_w.l(entry2.o)
    0x080001ac   0x080001ac   0x000000ba   Code   RO         2423    .emb_text           port.o
    0x08000266   0x08000266   0x00000002   PAD
    0x08000268   0x08000268   0x00000024   Code   RO            4    .text               startup_stm32f411xe.o
    0x0800028c   0x0800028c   0x00000062   Code   RO         4062    .text               mc_w.l(uldiv.o)
    0x080002ee   0x080002ee   0x00000024   Code   RO         4064    .text               mc_w.l(memcpya.o)
    0x08000312   0x08000312   0x00000024   Code   RO         4066    .text               mc_w.l(memseta.o)
    0x08000336   0x08000336   0x0000014e   Code   RO         4070    .text               mf_w.l(dadd.o)
    0x08000484   0x08000484   0x000000e4   Code   RO         4072    .text               mf_w.l(dmul.o)
    0x08000568   0x08000568   0x00000022   Code   RO         4074    .text               mf_w.l(dflti.o)
    0x0800058a   0x0800058a   0x0000001a   Code   RO         4076    .text               mf_w.l(dfltui.o)
    0x080005a4   0x080005a4   0x0000003e   Code   RO         4078    .text               mf_w.l(dfixi.o)
    0x080005e2   0x080005e2   0x0000001e   Code   RO         4122    .text               mc_w.l(llshl.o)
    0x08000600   0x08000600   0x00000020   Code   RO         4124    .text               mc_w.l(llushr.o)
    0x08000620   0x08000620   0x00000024   Code   RO         4126    .text               mc_w.l(llsshr.o)
    0x08000644   0x08000644   0x00000000   Code   RO         4135    .text               mc_w.l(iusefp.o)
    0x08000644   0x08000644   0x000000ba   Code   RO         4136    .text               mf_w.l(depilogue.o)
    0x080006fe   0x080006fe   0x00000002   PAD
    0x08000700   0x08000700   0x00000024   Code   RO         4150    .text               mc_w.l(init.o)
    0x08000724   0x08000724   0x000000de   Code   RO         4152    .text               mf_w.l(ddiv.o)
    0x08000802   0x08000802   0x00000002   Code   RO         3541    i.BusFault_Handler  stm32f4xx_it.o
    0x08000804   0x08000804   0x0000000c   Code   RO         3542    i.DMA1_Stream5_IRQHandler  stm32f4xx_it.o
    0x08000810   0x08000810   0x00000028   Code   RO         1272    i.DMA_CalcBaseAndBitshift  stm32f4xx_hal_dma.o
    0x08000838   0x08000838   0x00000054   Code   RO         1273    i.DMA_CheckFifoParam  stm32f4xx_hal_dma.o
    0x0800088c   0x0800088c   0x00000028   Code   RO         1274    i.DMA_SetConfig     stm32f4xx_hal_dma.o
    0x080008b4   0x080008b4   0x00000002   Code   RO         3543    i.DebugMon_Handler  stm32f4xx_it.o
    0x080008b6   0x080008b6   0x00000024   Code   RO         1276    i.HAL_DMA_Abort_IT  stm32f4xx_hal_dma.o
    0x080008da   0x080008da   0x00000002   PAD
    0x080008dc   0x080008dc   0x000001a0   Code   RO         1280    i.HAL_DMA_IRQHandler  stm32f4xx_hal_dma.o
    0x08000a7c   0x08000a7c   0x000000d4   Code   RO         1281    i.HAL_DMA_Init      stm32f4xx_hal_dma.o
    0x08000b50   0x08000b50   0x00000078   Code   RO         1285    i.HAL_DMA_Start_IT  stm32f4xx_hal_dma.o
    0x08000bc8   0x08000bc8   0x00000188   Code   RO         1381    i.HAL_GPIO_Init     stm32f4xx_hal_gpio.o
    0x08000d50   0x08000d50   0x00000008   Code   RO         1384    i.HAL_GPIO_TogglePin  stm32f4xx_hal_gpio.o
    0x08000d58   0x08000d58   0x0000000a   Code   RO         1385    i.HAL_GPIO_WritePin  stm32f4xx_hal_gpio.o
    0x08000d62   0x08000d62   0x00000002   PAD
    0x08000d64   0x08000d64   0x0000000c   Code   RO         1457    i.HAL_GetTick       stm32f4xx_hal.o
    0x08000d70   0x08000d70   0x00000010   Code   RO         1461    i.HAL_IncTick       stm32f4xx_hal.o
    0x08000d80   0x08000d80   0x00000034   Code   RO         1462    i.HAL_Init          stm32f4xx_hal.o
    0x08000db4   0x08000db4   0x00000074   Code   RO         3644    i.HAL_InitTick      stm32f4xx_hal_timebase_tim.o
    0x08000e28   0x08000e28   0x00000058   Code   RO         3776    i.HAL_MspInit       stm32f4xx_hal_msp.o
    0x08000e80   0x08000e80   0x00000016   Code   RO          778    i.HAL_NVIC_EnableIRQ  stm32f4xx_hal_cortex.o
    0x08000e96   0x08000e96   0x00000002   PAD
    0x08000e98   0x08000e98   0x00000040   Code   RO          784    i.HAL_NVIC_SetPriority  stm32f4xx_hal_cortex.o
    0x08000ed8   0x08000ed8   0x00000024   Code   RO          785    i.HAL_NVIC_SetPriorityGrouping  stm32f4xx_hal_cortex.o
    0x08000efc   0x08000efc   0x00000130   Code   RO         2325    i.HAL_RCC_ClockConfig  stm32f4xx_hal_rcc.o
    0x0800102c   0x0800102c   0x00000040   Code   RO         2329    i.HAL_RCC_GetClockConfig  stm32f4xx_hal_rcc.o
    0x0800106c   0x0800106c   0x0000000c   Code   RO         2330    i.HAL_RCC_GetHCLKFreq  stm32f4xx_hal_rcc.o
    0x08001078   0x08001078   0x00000020   Code   RO         2332    i.HAL_RCC_GetPCLK1Freq  stm32f4xx_hal_rcc.o
    0x08001098   0x08001098   0x00000020   Code   RO         2333    i.HAL_RCC_GetPCLK2Freq  stm32f4xx_hal_rcc.o
    0x080010b8   0x080010b8   0x00000060   Code   RO         2334    i.HAL_RCC_GetSysClockFreq  stm32f4xx_hal_rcc.o
    0x08001118   0x08001118   0x0000031c   Code   RO         2337    i.HAL_RCC_OscConfig  stm32f4xx_hal_rcc.o
    0x08001434   0x08001434   0x00000018   Code   RO          787    i.HAL_SYSTICK_CLKSourceConfig  stm32f4xx_hal_cortex.o
    0x0800144c   0x0800144c   0x00000028   Code   RO          789    i.HAL_SYSTICK_Config  stm32f4xx_hal_cortex.o
    0x08001474   0x08001474   0x00000002   Code   RO           13    i.HAL_TIMEx_BreakCallback  stm32f4xx_hal_tim_ex.o
    0x08001476   0x08001476   0x00000002   Code   RO           14    i.HAL_TIMEx_CommutationCallback  stm32f4xx_hal_tim_ex.o
    0x08001478   0x08001478   0x00000050   Code   RO           30    i.HAL_TIMEx_MasterConfigSynchronization  stm32f4xx_hal_tim_ex.o
    0x080014c8   0x080014c8   0x00000036   Code   RO         1617    i.HAL_TIM_Base_Init  stm32f4xx_hal_tim.o
    0x080014fe   0x080014fe   0x00000002   PAD
    0x08001500   0x08001500   0x00000024   Code   RO         3778    i.HAL_TIM_Base_MspInit  stm32f4xx_hal_msp.o
    0x08001524   0x08001524   0x0000001a   Code   RO         1620    i.HAL_TIM_Base_Start  stm32f4xx_hal_tim.o
    0x0800153e   0x0800153e   0x00000018   Code   RO         1622    i.HAL_TIM_Base_Start_IT  stm32f4xx_hal_tim.o
    0x08001556   0x08001556   0x000000f2   Code   RO         1626    i.HAL_TIM_ConfigClockSource  stm32f4xx_hal_tim.o
    0x08001648   0x08001648   0x00000096   Code   RO         1635    i.HAL_TIM_Encoder_Init  stm32f4xx_hal_tim.o
    0x080016de   0x080016de   0x00000002   PAD
    0x080016e0   0x080016e0   0x00000078   Code   RO         3780    i.HAL_TIM_Encoder_MspInit  stm32f4xx_hal_msp.o
    0x08001758   0x08001758   0x00000034   Code   RO         1638    i.HAL_TIM_Encoder_Start  stm32f4xx_hal_tim.o
    0x0800178c   0x0800178c   0x00000002   Code   RO         1646    i.HAL_TIM_IC_CaptureCallback  stm32f4xx_hal_tim.o
    0x0800178e   0x0800178e   0x00000166   Code   RO         1659    i.HAL_TIM_IRQHandler  stm32f4xx_hal_tim.o
    0x080018f4   0x080018f4   0x00000048   Code   RO         3781    i.HAL_TIM_MspPostInit  stm32f4xx_hal_msp.o
    0x0800193c   0x0800193c   0x00000002   Code   RO         1662    i.HAL_TIM_OC_DelayElapsedCallback  stm32f4xx_hal_tim.o
    0x0800193e   0x0800193e   0x000000d0   Code   RO         1683    i.HAL_TIM_PWM_ConfigChannel  stm32f4xx_hal_tim.o
    0x08001a0e   0x08001a0e   0x00000036   Code   RO         1686    i.HAL_TIM_PWM_Init  stm32f4xx_hal_tim.o
    0x08001a44   0x08001a44   0x00000002   Code   RO         1688    i.HAL_TIM_PWM_MspInit  stm32f4xx_hal_tim.o
    0x08001a46   0x08001a46   0x00000002   Code   RO         1689    i.HAL_TIM_PWM_PulseFinishedCallback  stm32f4xx_hal_tim.o
    0x08001a48   0x08001a48   0x00000030   Code   RO         1690    i.HAL_TIM_PWM_Start  stm32f4xx_hal_tim.o
    0x08001a78   0x08001a78   0x00000014   Code   RO         3684    i.HAL_TIM_PeriodElapsedCallback  main.o
    0x08001a8c   0x08001a8c   0x00000002   Code   RO         1700    i.HAL_TIM_TriggerCallback  stm32f4xx_hal_tim.o
    0x08001a8e   0x08001a8e   0x00000002   Code   RO          468    i.HAL_UART_ErrorCallback  stm32f4xx_hal_uart.o
    0x08001a90   0x08001a90   0x00000110   Code   RO          471    i.HAL_UART_IRQHandler  stm32f4xx_hal_uart.o
    0x08001ba0   0x08001ba0   0x00000062   Code   RO          472    i.HAL_UART_Init     stm32f4xx_hal_uart.o
    0x08001c02   0x08001c02   0x00000002   PAD
    0x08001c04   0x08001c04   0x000000d4   Code   RO         3783    i.HAL_UART_MspInit  stm32f4xx_hal_msp.o
    0x08001cd8   0x08001cd8   0x00000098   Code   RO          476    i.HAL_UART_Receive_DMA  stm32f4xx_hal_uart.o
    0x08001d70   0x08001d70   0x00000040   Code   RO         3941    i.HAL_UART_RxCpltCallback  bpstasks.o
    0x08001db0   0x08001db0   0x00000002   Code   RO          479    i.HAL_UART_RxHalfCpltCallback  stm32f4xx_hal_uart.o
    0x08001db2   0x08001db2   0x0000003e   Code   RO          482    i.HAL_UART_Transmit_IT  stm32f4xx_hal_uart.o
    0x08001df0   0x08001df0   0x00000002   Code   RO          483    i.HAL_UART_TxCpltCallback  stm32f4xx_hal_uart.o
    0x08001df2   0x08001df2   0x00000002   Code   RO         3544    i.HardFault_Handler  stm32f4xx_it.o
    0x08001df4   0x08001df4   0x000000b4   Code   RO         3685    i.MX_GPIO_Init      main.o
    0x08001ea8   0x08001ea8   0x000000a0   Code   RO         3686    i.MX_TIM2_Init      main.o
    0x08001f48   0x08001f48   0x00000058   Code   RO         3687    i.MX_TIM3_Init      main.o
    0x08001fa0   0x08001fa0   0x00000058   Code   RO         3688    i.MX_TIM4_Init      main.o
    0x08001ff8   0x08001ff8   0x00000002   Code   RO         3545    i.MemManage_Handler  stm32f4xx_it.o
    0x08001ffa   0x08001ffa   0x00000002   Code   RO         3546    i.NMI_Handler       stm32f4xx_it.o
    0x08001ffc   0x08001ffc   0x00000020   Code   RO          791    i.NVIC_SetPriority  stm32f4xx_hal_cortex.o
    0x0800201c   0x0800201c   0x00000008   Code   RO         3689    i.StartDefaultTask  main.o
    0x08002024   0x08002024   0x00000004   Code   RO         3547    i.SysTick_Handler   stm32f4xx_it.o
    0x08002028   0x08002028   0x0000009c   Code   RO         3690    i.SystemClock_Config  main.o
    0x080020c4   0x080020c4   0x00000054   Code   RO         4013    i.SystemInit        system_stm32f4xx.o
    0x08002118   0x08002118   0x0000000c   Code   RO         3548    i.TIM1_UP_TIM10_IRQHandler  stm32f4xx_it.o
    0x08002124   0x08002124   0x00000090   Code   RO         1701    i.TIM_Base_SetConfig  stm32f4xx_hal_tim.o
    0x080021b4   0x080021b4   0x00000016   Code   RO         1702    i.TIM_CCxChannelCmd  stm32f4xx_hal_tim.o
    0x080021ca   0x080021ca   0x00000014   Code   RO         1708    i.TIM_ETR_SetConfig  stm32f4xx_hal_tim.o
    0x080021de   0x080021de   0x00000010   Code   RO         1709    i.TIM_ITRx_SetConfig  stm32f4xx_hal_tim.o
    0x080021ee   0x080021ee   0x00000002   PAD
    0x080021f0   0x080021f0   0x00000050   Code   RO         1710    i.TIM_OC1_SetConfig  stm32f4xx_hal_tim.o
    0x08002240   0x08002240   0x00000058   Code   RO         1711    i.TIM_OC2_SetConfig  stm32f4xx_hal_tim.o
    0x08002298   0x08002298   0x00000058   Code   RO         1712    i.TIM_OC3_SetConfig  stm32f4xx_hal_tim.o
    0x080022f0   0x080022f0   0x00000044   Code   RO         1713    i.TIM_OC4_SetConfig  stm32f4xx_hal_tim.o
    0x08002334   0x08002334   0x00000022   Code   RO         1715    i.TIM_TI1_ConfigInputStage  stm32f4xx_hal_tim.o
    0x08002356   0x08002356   0x00000024   Code   RO         1717    i.TIM_TI2_ConfigInputStage  stm32f4xx_hal_tim.o
    0x0800237a   0x0800237a   0x00000010   Code   RO          485    i.UART_DMAAbortOnError  stm32f4xx_hal_uart.o
    0x0800238a   0x0800238a   0x0000004a   Code   RO          486    i.UART_DMAError     stm32f4xx_hal_uart.o
    0x080023d4   0x080023d4   0x0000003c   Code   RO          487    i.UART_DMAReceiveCplt  stm32f4xx_hal_uart.o
    0x08002410   0x08002410   0x0000000a   Code   RO          489    i.UART_DMARxHalfCplt  stm32f4xx_hal_uart.o
    0x0800241a   0x0800241a   0x0000001c   Code   RO          495    i.UART_EndRxTransfer  stm32f4xx_hal_uart.o
    0x08002436   0x08002436   0x00000012   Code   RO          496    i.UART_EndTxTransfer  stm32f4xx_hal_uart.o
    0x08002448   0x08002448   0x0000008c   Code   RO          497    i.UART_Receive_IT   stm32f4xx_hal_uart.o
    0x080024d4   0x080024d4   0x000002ac   Code   RO          498    i.UART_SetConfig    stm32f4xx_hal_uart.o
    0x08002780   0x08002780   0x00000062   Code   RO          499    i.UART_Transmit_IT  stm32f4xx_hal_uart.o
    0x080027e2   0x080027e2   0x00000002   PAD
    0x080027e4   0x080027e4   0x0000000c   Code   RO         3549    i.USART2_IRQHandler  stm32f4xx_it.o
    0x080027f0   0x080027f0   0x00000002   Code   RO         3550    i.UsageFault_Handler  stm32f4xx_it.o
    0x080027f2   0x080027f2   0x00000002   Code   RO         3691    i._Error_Handler    main.o
    0x080027f4   0x080027f4   0x00000030   Code   RO         4146    i.__ARM_fpclassify  m_wm.l(fpclassify.o)
    0x08002824   0x08002824   0x00000004   PAD
    0x08002828   0x08002828   0x000000c8   Code   RO         4047    i.__hardfp_cos      m_wm.l(cos.o)
    0x080028f0   0x080028f0   0x00000438   Code   RO         4097    i.__ieee754_rem_pio2  m_wm.l(rred.o)
    0x08002d28   0x08002d28   0x00000170   Code   RO         4080    i.__kernel_cos      m_wm.l(cos_i.o)
    0x08002e98   0x08002e98   0x000000f8   Code   RO         4148    i.__kernel_poly     m_wm.l(poly.o)
    0x08002f90   0x08002f90   0x00000130   Code   RO         4102    i.__kernel_sin      m_wm.l(sin_i.o)
    0x080030c0   0x080030c0   0x00000014   Code   RO         4084    i.__mathlib_dbl_infnan  m_wm.l(dunder.o)
    0x080030d4   0x080030d4   0x00000004   PAD
    0x080030d8   0x080030d8   0x00000020   Code   RO         4086    i.__mathlib_dbl_invalid  m_wm.l(dunder.o)
    0x080030f8   0x080030f8   0x00000020   Code   RO         4089    i.__mathlib_dbl_underflow  m_wm.l(dunder.o)
    0x08003118   0x08003118   0x0000000e   Code   RO         4156    i.__scatterload_copy  mc_w.l(handlers.o)
    0x08003126   0x08003126   0x00000002   Code   RO         4157    i.__scatterload_null  mc_w.l(handlers.o)
    0x08003128   0x08003128   0x0000000e   Code   RO         4158    i.__scatterload_zeroinit  mc_w.l(handlers.o)
    0x08003136   0x08003136   0x00000002   PAD
    0x08003138   0x08003138   0x0000000c   Code   RO         4130    i.__set_errno       mc_w.l(errno.o)
    0x08003144   0x08003144   0x00000010   Code   RO         3843    i.bpsAppendErrorSamples  bpsfunctions.o
    0x08003154   0x08003154   0x00000016   Code   RO         3844    i.bpsAppendPIDSamples  bpsfunctions.o
    0x0800316a   0x0800316a   0x00000002   PAD
    0x0800316c   0x0800316c   0x00000100   Code   RO         3942    i.bpsBallAndPlateSystemStart  bpstasks.o
    0x0800326c   0x0800326c   0x00000070   Code   RO         3845    i.bpsCalSetpoint4CircleMode  bpsfunctions.o
    0x080032dc   0x080032dc   0x0000007a   Code   RO         3846    i.bpsCalculatePID   bpsfunctions.o
    0x08003356   0x08003356   0x00000036   Code   RO         3847    i.bpsControlMotor   bpsfunctions.o
    0x0800338c   0x0800338c   0x00000020   Code   RO         3848    i.bpsReadEncoderCnt  bpsfunctions.o
    0x080033ac   0x080033ac   0x0000004c   Code   RO         3849    i.bpsSetPWMDuty     bpsfunctions.o
    0x080033f8   0x080033f8   0x00000020   Code   RO         3850    i.bpsStartEncoder   bpsfunctions.o
    0x08003418   0x08003418   0x00000038   Code   RO         3851    i.bpsStartPWM       bpsfunctions.o
    0x08003450   0x08003450   0x0000006c   Code   RO         3943    i.bpsTaskCalRefEncoderValue  bpstasks.o
    0x080034bc   0x080034bc   0x0000007c   Code   RO         3944    i.bpsTaskControlMotor  bpstasks.o
    0x08003538   0x08003538   0x00000070   Code   RO         3945    i.bpsTaskUARTSendData  bpstasks.o
    0x080035a8   0x080035a8   0x000000ec   Code   RO         3946    i.bpsTaskUpdateSetpoint  bpstasks.o
    0x08003694   0x08003694   0x00000034   Code   RO         3947    i.bpsTaskUpdateUARTData  bpstasks.o
    0x080036c8   0x080036c8   0x00000010   Code   RO         3852    i.bpsUARTReceiveData  bpsfunctions.o
    0x080036d8   0x080036d8   0x00000010   Code   RO         3853    i.bpsUARTSendData   bpsfunctions.o
    0x080036e8   0x080036e8   0x00000018   Code   RO         4142    i.fabs              m_wm.l(fabs.o)
    0x08003700   0x08003700   0x00000098   Code   RO         3692    i.main              main.o
    0x08003798   0x08003798   0x0000000c   Code   RO         2636    i.makeFreeRtosPriority  cmsis_os.o
    0x080037a4   0x080037a4   0x0000000e   Code   RO         2638    i.osDelay           cmsis_os.o
    0x080037b2   0x080037b2   0x0000000a   Code   RO         2641    i.osKernelStart     cmsis_os.o
    0x080037bc   0x080037bc   0x00000014   Code   RO         2674    i.osSystickHandler  cmsis_os.o
    0x080037d0   0x080037d0   0x0000002e   Code   RO         2675    i.osThreadCreate    cmsis_os.o
    0x080037fe   0x080037fe   0x00000002   PAD
    0x08003800   0x08003800   0x00000070   Code   RO         3016    i.prvAddCurrentTaskToDelayedList  tasks.o
    0x08003870   0x08003870   0x000000d0   Code   RO         3017    i.prvAddNewTaskToReadyList  tasks.o
    0x08003940   0x08003940   0x00000050   Code   RO         3018    i.prvCheckTasksWaitingTermination  tasks.o
    0x08003990   0x08003990   0x00000014   Code   RO         3019    i.prvDeleteTCB      tasks.o
    0x080039a4   0x080039a4   0x0000004c   Code   RO         3298    i.prvHeapInit       heap_4.o
    0x080039f0   0x080039f0   0x00000028   Code   RO         3020    i.prvIdleTask       tasks.o
    0x08003a18   0x08003a18   0x0000008e   Code   RO         3021    i.prvInitialiseNewTask  tasks.o
    0x08003aa6   0x08003aa6   0x00000002   PAD
    0x08003aa8   0x08003aa8   0x0000004c   Code   RO         3299    i.prvInsertBlockIntoFreeList  heap_4.o
    0x08003af4   0x08003af4   0x00000020   Code   RO         3022    i.prvResetNextTaskUnblockTime  tasks.o
    0x08003b14   0x08003b14   0x00000028   Code   RO         2424    i.prvTaskExitError  port.o
    0x08003b3c   0x08003b3c   0x000000d8   Code   RO         3300    i.pvPortMalloc      heap_4.o
    0x08003c14   0x08003c14   0x0000002c   Code   RO         2425    i.pxPortInitialiseStack  port.o
    0x08003c40   0x08003c40   0x00000068   Code   RO         3025    i.ulTaskNotifyTake  tasks.o
    0x08003ca8   0x08003ca8   0x00000024   Code   RO         3496    i.uxListRemove      list.o
    0x08003ccc   0x08003ccc   0x00000016   Code   RO         3497    i.vListInitialise   list.o
    0x08003ce2   0x08003ce2   0x00000006   Code   RO         3498    i.vListInitialiseItem  list.o
    0x08003ce8   0x08003ce8   0x00000030   Code   RO         3499    i.vListInsert       list.o
    0x08003d18   0x08003d18   0x00000018   Code   RO         3500    i.vListInsertEnd    list.o
    0x08003d30   0x08003d30   0x00000040   Code   RO         2427    i.vPortEnterCritical  port.o
    0x08003d70   0x08003d70   0x00000028   Code   RO         2428    i.vPortExitCritical  port.o
    0x08003d98   0x08003d98   0x0000005c   Code   RO         3301    i.vPortFree         heap_4.o
    0x08003df4   0x08003df4   0x00000020   Code   RO         2429    i.vPortSetupTimerInterrupt  port.o
    0x08003e14   0x08003e14   0x00000054   Code   RO         2430    i.vPortValidateInterruptPriority  port.o
    0x08003e68   0x08003e68   0x0000004c   Code   RO         3030    i.vTaskDelay        tasks.o
    0x08003eb4   0x08003eb4   0x000000b8   Code   RO         3034    i.vTaskNotifyGiveFromISR  tasks.o
    0x08003f6c   0x08003f6c   0x00000068   Code   RO         3041    i.vTaskStartScheduler  tasks.o
    0x08003fd4   0x08003fd4   0x00000010   Code   RO         3043    i.vTaskSuspendAll   tasks.o
    0x08003fe4   0x08003fe4   0x0000005c   Code   RO         3044    i.vTaskSwitchContext  tasks.o
    0x08004040   0x08004040   0x000000e0   Code   RO         2431    i.xPortStartScheduler  port.o
    0x08004120   0x08004120   0x0000002c   Code   RO         2432    i.xPortSysTickHandler  port.o
    0x0800414c   0x0800414c   0x00000056   Code   RO         3046    i.xTaskCreate       tasks.o
    0x080041a2   0x080041a2   0x00000002   PAD
    0x080041a4   0x080041a4   0x000000cc   Code   RO         3047    i.xTaskGenericNotify  tasks.o
    0x08004270   0x08004270   0x0000001c   Code   RO         3050    i.xTaskGetSchedulerState  tasks.o
    0x0800428c   0x0800428c   0x000000c8   Code   RO         3053    i.xTaskIncrementTick  tasks.o
    0x08004354   0x08004354   0x000000c4   Code   RO         3059    i.xTaskResumeAll    tasks.o
    0x08004418   0x08004418   0x00000008   Data   RO         1287    .constdata          stm32f4xx_hal_dma.o
    0x08004420   0x08004420   0x00000014   Data   RO         3695    .constdata          main.o
    0x08004434   0x08004434   0x00000030   Data   RO         3949    .constdata          bpstasks.o
    0x08004464   0x08004464   0x00000010   Data   RO         4014    .constdata          system_stm32f4xx.o
    0x08004474   0x08004474   0x00000008   Data   RO         4015    .constdata          system_stm32f4xx.o
    0x0800447c   0x0800447c   0x00000004   PAD
    0x08004480   0x08004480   0x00000030   Data   RO         4081    .constdata          m_wm.l(cos_i.o)
    0x080044b0   0x080044b0   0x000000c8   Data   RO         4099    .constdata          m_wm.l(rred.o)
    0x08004578   0x08004578   0x00000028   Data   RO         4103    .constdata          m_wm.l(sin_i.o)
    0x080045a0   0x080045a0   0x0000000c   Data   RO         3696    .conststring        main.o
    0x080045ac   0x080045ac   0x00000020   Data   RO         4154    Region$$Table       anon$$obj.o


    Execution Region RW_IRAM1 (Exec base: 0x20000000, Load base: 0x080045cc, Size: 0x00004438, Max: 0x00020000, ABSOLUTE)

    Exec Addr    Load Addr    Size         Type   Attr      Idx    E Section Name        Object

    0x20000000   0x080045cc   0x0000000c   Data   RW         1469    .data               stm32f4xx_hal.o
    0x2000000c   0x080045d8   0x0000000c   Data   RW         2433    .data               port.o
    0x20000018   0x080045e4   0x0000003c   Data   RW         3062    .data               tasks.o
    0x20000054   0x08004620   0x00000018   Data   RW         3306    .data               heap_4.o
    0x2000006c   0x08004638   0x00000004   Data   RW         3697    .data               main.o
    0x20000070   0x0800463c   0x00000002   Data   RW         3950    .data               bpstasks.o
    0x20000072   0x0800463e   0x00000002   PAD
    0x20000074   0x08004640   0x00000004   Data   RW         4016    .data               system_stm32f4xx.o
    0x20000078   0x08004644   0x00000004   Data   RW         4131    .data               mc_w.l(errno.o)
    0x2000007c        -       0x000000f0   Zero   RW         3061    .bss                tasks.o
    0x2000016c        -       0x00003c00   Zero   RW         3305    .bss                heap_4.o
    0x20003d6c        -       0x0000003c   Zero   RW         3647    .bss                stm32f4xx_hal_timebase_tim.o
    0x20003da8        -       0x000000f4   Zero   RW         3693    .bss                main.o
    0x20003e9c        -       0x00000060   Zero   RW         3694    .bss                main.o
    0x20003efc        -       0x00000138   Zero   RW         3948    .bss                bpstasks.o
    0x20004034   0x08004648   0x00000004   PAD
    0x20004038        -       0x00000400   Zero   RW            1    STACK               startup_stm32f411xe.o


==============================================================================

Image component sizes


      Code (inc. data)   RO Data    RW Data    ZI Data      Debug   Object Name

       554         38          0          0          0      10025   bpsfunctions.o
       952        188         48          2        312       5793   bpstasks.o
       102          0          0          0          0      17780   cmsis_os.o
         0          0          0          0          0       8068   croutine.o
         0          0          0          0          0      12008   event_groups.o
       460         24          0         24      15360       7379   heap_4.o
       136          0          0          0          0       3586   list.o
       854         76         32          4        340      10348   main.o
       758         84          0         12          0      14141   port.o
        36          8        408          0       1024        844   startup_stm32f411xe.o
        80         14          0         12          0       3282   stm32f4xx_hal.o
       218         14          0          0          0      31077   stm32f4xx_hal_cortex.o
       948         16          8          0          0       6522   stm32f4xx_hal_dma.o
       410         34          0          0          0       3041   stm32f4xx_hal_gpio.o
       528         90          0          0          0       3665   stm32f4xx_hal_msp.o
      1336         92          0          0          0       6341   stm32f4xx_hal_rcc.o
      1822         56          0          0          0      18544   stm32f4xx_hal_tim.o
        84          0          0          0          0     412170   stm32f4xx_hal_tim_ex.o
       116         18          0          0         60       1464   stm32f4xx_hal_timebase_tim.o
      1718         28          0          0          0      11637   stm32f4xx_hal_uart.o
        52         18          0          0          0       4652   stm32f4xx_it.o
        84         18         24          4          0       1179   system_stm32f4xx.o
      1924        160          0         60        240      19632   tasks.o

    ----------------------------------------------------------------------
     13198        976        556        120      17340     613178   Object Totals
         0          0         32          0          0          0   (incl. Generated)
        26          0          4          2          4          0   (incl. Padding)

    ----------------------------------------------------------------------

      Code (inc. data)   RO Data    RW Data    ZI Data      Debug   Library Member Name

       200         20          0          0          0        164   cos.o
       368         46         48          0          0        200   cos_i.o
        84         16          0          0          0        372   dunder.o
        24          0          0          0          0        124   fabs.o
        48          0          0          0          0        124   fpclassify.o
       248          0          0          0          0        152   poly.o
      1080        142        200          0          0        188   rred.o
       304         24         40          0          0        208   sin_i.o
         0          0          0          0          0          0   entry.o
         0          0          0          0          0          0   entry10a.o
         0          0          0          0          0          0   entry11a.o
         8          4          0          0          0          0   entry2.o
         4          0          0          0          0          0   entry5.o
         0          0          0          0          0          0   entry7b.o
         0          0          0          0          0          0   entry8b.o
         8          4          0          0          0          0   entry9a.o
        12          6          0          4          0         68   errno.o
        30          0          0          0          0          0   handlers.o
        36          8          0          0          0         68   init.o
         0          0          0          0          0          0   iusefp.o
        30          0          0          0          0         68   llshl.o
        36          0          0          0          0         68   llsshr.o
        32          0          0          0          0         68   llushr.o
        36          0          0          0          0         68   memcpya.o
        36          0          0          0          0        108   memseta.o
        98          0          0          0          0         92   uldiv.o
       334          0          0          0          0        148   dadd.o
       222          0          0          0          0        100   ddiv.o
       186          0          0          0          0        176   depilogue.o
        62          0          0          0          0         80   dfixi.o
        34          0          0          0          0         76   dflti.o
        26          0          0          0          0         76   dfltui.o
       228          0          0          0          0         96   dmul.o

    ----------------------------------------------------------------------
      3826        270        288          4          0       2892   Library Totals
        12          0          0          0          0          0   (incl. Padding)

    ----------------------------------------------------------------------

      Code (inc. data)   RO Data    RW Data    ZI Data      Debug   Library Name

      2356        248        288          0          0       1532   m_wm.l
       366         22          0          4          0        608   mc_w.l
      1092          0          0          0          0        752   mf_w.l

    ----------------------------------------------------------------------
      3826        270        288          4          0       2892   Library Totals

    ----------------------------------------------------------------------

==============================================================================


      Code (inc. data)   RO Data    RW Data    ZI Data      Debug   

     17024       1246        844        124      17340     600250   Grand Totals
     17024       1246        844        124      17340     600250   ELF Image Totals
     17024       1246        844        124          0          0   ROM Totals

==============================================================================

    Total RO  Size (Code + RO Data)                17868 (  17.45kB)
    Total RW  Size (RW Data + ZI Data)             17464 (  17.05kB)
    Total ROM Size (Code + RO Data + RW Data)      17992 (  17.57kB)

==============================================================================

